Archive member included to satisfy reference by file (symbol)

c:/users/ning mei/.platformio/packages/toolchain-gccarmnoneeabi/bin/../lib/gcc/arm-none-eabi/7.2.1/../../../../arm-none-eabi/lib/thumb/v7-m\libc_nano.a(lib_a-exit.o)
                              c:/users/ning mei/.platformio/packages/toolchain-gccarmnoneeabi/bin/../lib/gcc/arm-none-eabi/7.2.1/../../../../arm-none-eabi/lib/thumb/v7-m/crt0.o (exit)
c:/users/ning mei/.platformio/packages/toolchain-gccarmnoneeabi/bin/../lib/gcc/arm-none-eabi/7.2.1/../../../../arm-none-eabi/lib/thumb/v7-m\libc_nano.a(lib_a-impure.o)
                              c:/users/ning mei/.platformio/packages/toolchain-gccarmnoneeabi/bin/../lib/gcc/arm-none-eabi/7.2.1/../../../../arm-none-eabi/lib/thumb/v7-m\libc_nano.a(lib_a-exit.o) (_global_impure_ptr)
c:/users/ning mei/.platformio/packages/toolchain-gccarmnoneeabi/bin/../lib/gcc/arm-none-eabi/7.2.1/../../../../arm-none-eabi/lib/thumb/v7-m\libc_nano.a(lib_a-init.o)
                              c:/users/ning mei/.platformio/packages/toolchain-gccarmnoneeabi/bin/../lib/gcc/arm-none-eabi/7.2.1/../../../../arm-none-eabi/lib/thumb/v7-m/crt0.o (__libc_init_array)
c:/users/ning mei/.platformio/packages/toolchain-gccarmnoneeabi/bin/../lib/gcc/arm-none-eabi/7.2.1/../../../../arm-none-eabi/lib/thumb/v7-m\libc_nano.a(lib_a-memset.o)
                              c:/users/ning mei/.platformio/packages/toolchain-gccarmnoneeabi/bin/../lib/gcc/arm-none-eabi/7.2.1/../../../../arm-none-eabi/lib/thumb/v7-m/crt0.o (memset)
c:/users/ning mei/.platformio/packages/toolchain-gccarmnoneeabi/bin/../lib/gcc/arm-none-eabi/7.2.1/../../../../arm-none-eabi/lib/thumb/v7-m\libc_nano.a(lib_a-nano-vfprintf_float.o)
                              (_printf_float)
c:/users/ning mei/.platformio/packages/toolchain-gccarmnoneeabi/bin/../lib/gcc/arm-none-eabi/7.2.1/../../../../arm-none-eabi/lib/thumb/v7-m\libc_nano.a(lib_a-nano-vfprintf_i.o)
                              c:/users/ning mei/.platformio/packages/toolchain-gccarmnoneeabi/bin/../lib/gcc/arm-none-eabi/7.2.1/../../../../arm-none-eabi/lib/thumb/v7-m\libc_nano.a(lib_a-nano-vfprintf_float.o) (_printf_common)
c:/users/ning mei/.platformio/packages/toolchain-gccarmnoneeabi/bin/../lib/gcc/arm-none-eabi/7.2.1/../../../../arm-none-eabi/lib/thumb/v7-m\libc_nano.a(lib_a-puts.o)
                              .pio\build\genericSTM32F103C8\src\gpio.o (puts)
c:/users/ning mei/.platformio/packages/toolchain-gccarmnoneeabi/bin/../lib/gcc/arm-none-eabi/7.2.1/../../../../arm-none-eabi/lib/thumb/v7-m\libc_nano.a(lib_a-strlen.o)
                              c:/users/ning mei/.platformio/packages/toolchain-gccarmnoneeabi/bin/../lib/gcc/arm-none-eabi/7.2.1/../../../../arm-none-eabi/lib/thumb/v7-m\libc_nano.a(lib_a-nano-vfprintf_float.o) (strlen)
c:/users/ning mei/.platformio/packages/toolchain-gccarmnoneeabi/bin/../lib/gcc/arm-none-eabi/7.2.1/../../../../arm-none-eabi/lib/thumb/v7-m\libc_nano.a(lib_a-wbuf.o)
                              c:/users/ning mei/.platformio/packages/toolchain-gccarmnoneeabi/bin/../lib/gcc/arm-none-eabi/7.2.1/../../../../arm-none-eabi/lib/thumb/v7-m\libc_nano.a(lib_a-puts.o) (__swbuf_r)
c:/users/ning mei/.platformio/packages/toolchain-gccarmnoneeabi/bin/../lib/gcc/arm-none-eabi/7.2.1/../../../../arm-none-eabi/lib/thumb/v7-m\libc_nano.a(lib_a-wsetup.o)
                              c:/users/ning mei/.platformio/packages/toolchain-gccarmnoneeabi/bin/../lib/gcc/arm-none-eabi/7.2.1/../../../../arm-none-eabi/lib/thumb/v7-m\libc_nano.a(lib_a-puts.o) (__swsetup_r)
c:/users/ning mei/.platformio/packages/toolchain-gccarmnoneeabi/bin/../lib/gcc/arm-none-eabi/7.2.1/../../../../arm-none-eabi/lib/thumb/v7-m\libc_nano.a(lib_a-dtoa.o)
                              c:/users/ning mei/.platformio/packages/toolchain-gccarmnoneeabi/bin/../lib/gcc/arm-none-eabi/7.2.1/../../../../arm-none-eabi/lib/thumb/v7-m\libc_nano.a(lib_a-nano-vfprintf_float.o) (_dtoa_r)
c:/users/ning mei/.platformio/packages/toolchain-gccarmnoneeabi/bin/../lib/gcc/arm-none-eabi/7.2.1/../../../../arm-none-eabi/lib/thumb/v7-m\libc_nano.a(lib_a-fflush.o)
                              c:/users/ning mei/.platformio/packages/toolchain-gccarmnoneeabi/bin/../lib/gcc/arm-none-eabi/7.2.1/../../../../arm-none-eabi/lib/thumb/v7-m\libc_nano.a(lib_a-wbuf.o) (_fflush_r)
c:/users/ning mei/.platformio/packages/toolchain-gccarmnoneeabi/bin/../lib/gcc/arm-none-eabi/7.2.1/../../../../arm-none-eabi/lib/thumb/v7-m\libc_nano.a(lib_a-findfp.o)
                              c:/users/ning mei/.platformio/packages/toolchain-gccarmnoneeabi/bin/../lib/gcc/arm-none-eabi/7.2.1/../../../../arm-none-eabi/lib/thumb/v7-m\libc_nano.a(lib_a-puts.o) (__sinit)
c:/users/ning mei/.platformio/packages/toolchain-gccarmnoneeabi/bin/../lib/gcc/arm-none-eabi/7.2.1/../../../../arm-none-eabi/lib/thumb/v7-m\libc_nano.a(lib_a-fwalk.o)
[...]
Memory Configuration

Name             Origin             Length             Attributes
RAM              0x20000000         0x00005000         xrw
FLASH            0x08000000         0x00010000         xr
*default*        0x00000000         0xffffffff

Linker script and memory map

LOAD c:/users/ning mei/.platformio/packages/toolchain-gccarmnoneeabi/bin/../lib/gcc/arm-none-eabi/7.2.1/thumb/v7-m/crti.o
LOAD c:/users/ning mei/.platformio/packages/toolchain-gccarmnoneeabi/bin/../lib/gcc/arm-none-eabi/7.2.1/thumb/v7-m/crtbegin.o
LOAD c:/users/ning mei/.platformio/packages/toolchain-gccarmnoneeabi/bin/../lib/gcc/arm-none-eabi/7.2.1/../../../../arm-none-eabi/lib/thumb/v7-m/crt0.o
LOAD .pio\build\genericSTM32F103C8\FrameworkHALDriver\Src\stm32f1xx_hal.o
LOAD .pio\build\genericSTM32F103C8\FrameworkHALDriver\Src\stm32f1xx_hal_adc.o
LOAD .pio\build\genericSTM32F103C8\FrameworkHALDriver\Src\stm32f1xx_hal_adc_ex.o
LOAD .pio\build\genericSTM32F103C8\FrameworkHALDriver\Src\stm32f1xx_hal_can.o
LOAD .pio\build\genericSTM32F103C8\FrameworkHALDriver\Src\stm32f1xx_hal_cec.o
LOAD .pio\build\genericSTM32F103C8\FrameworkHALDriver\Src\stm32f1xx_hal_cortex.o
LOAD .pio\build\genericSTM32F103C8\FrameworkHALDriver\Src\stm32f1xx_hal_crc.o
LOAD .pio\build\genericSTM32F103C8\FrameworkHALDriver\Src\stm32f1xx_hal_dac.o
LOAD .pio\build\genericSTM32F103C8\FrameworkHALDriver\Src\stm32f1xx_hal_dac_ex.o
LOAD .pio\build\genericSTM32F103C8\FrameworkHALDriver\Src\stm32f1xx_hal_dma.o
LOAD .pio\build\genericSTM32F103C8\FrameworkHALDriver\Src\stm32f1xx_hal_eth.o
LOAD .pio\build\genericSTM32F103C8\FrameworkHALDriver\Src\stm32f1xx_hal_exti.o
LOAD .pio\build\genericSTM32F103C8\FrameworkHALDriver\Src\stm32f1xx_hal_flash.o
LOAD .pio\build\genericSTM32F103C8\FrameworkHALDriver\Src\stm32f1xx_hal_flash_ex.o
LOAD .pio\build\genericSTM32F103C8\FrameworkHALDriver\Src\stm32f1xx_hal_gpio.o
LOAD .pio\build\genericSTM32F103C8\FrameworkHALDriver\Src\stm32f1xx_hal_gpio_ex.o
LOAD .pio\build\genericSTM32F103C8\FrameworkHALDriver\Src\stm32f1xx_hal_hcd.o
LOAD .pio\build\genericSTM32F103C8\FrameworkHALDriver\Src\stm32f1xx_hal_i2c.o
LOAD .pio\build\genericSTM32F103C8\FrameworkHALDriver\Src\stm32f1xx_hal_i2s.o
LOAD .pio\build\genericSTM32F103C8\FrameworkHALDriver\Src\stm32f1xx_hal_irda.o
LOAD .pio\build\genericSTM32F103C8\FrameworkHALDriver\Src\stm32f1xx_hal_iwdg.o
LOAD .pio\build\genericSTM32F103C8\FrameworkHALDriver\Src\stm32f1xx_hal_mmc.o
LOAD .pio\build\genericSTM32F103C8\FrameworkHALDriver\Src\stm32f1xx_hal_nand.o
LOAD .pio\build\genericSTM32F103C8\FrameworkHALDriver\Src\stm32f1xx_hal_nor.o
LOAD .pio\build\genericSTM32F103C8\FrameworkHALDriver\Src\stm32f1xx_hal_pccard.o
LOAD .pio\build\genericSTM32F103C8\FrameworkHALDriver\Src\stm32f1xx_hal_pcd.o
LOAD .pio\build\genericSTM32F103C8\FrameworkHALDriver\Src\stm32f1xx_hal_pcd_ex.o
LOAD .pio\build\genericSTM32F103C8\FrameworkHALDriver\Src\stm32f1xx_hal_pwr.o
LOAD .pio\build\genericSTM32F103C8\FrameworkHALDriver\Src\stm32f1xx_hal_rcc.o
LOAD .pio\build\genericSTM32F103C8\FrameworkHALDriver\Src\stm32f1xx_hal_rcc_ex.o
LOAD .pio\build\genericSTM32F103C8\FrameworkHALDriver\Src\stm32f1xx_hal_rtc.o
LOAD .pio\build\genericSTM32F103C8\FrameworkHALDriver\Src\stm32f1xx_hal_rtc_ex.o
LOAD .pio\build\genericSTM32F103C8\FrameworkHALDriver\Src\stm32f1xx_hal_sd.o
LOAD .pio\build\genericSTM32F103C8\FrameworkHALDriver\Src\stm32f1xx_hal_smartcard.o
LOAD .pio\build\genericSTM32F103C8\FrameworkHALDriver\Src\stm32f1xx_hal_spi.o
LOAD .pio\build\genericSTM32F103C8\FrameworkHALDriver\Src\stm32f1xx_hal_sram.o
LOAD .pio\build\genericSTM32F103C8\FrameworkHALDriver\Src\stm32f1xx_hal_tim.o
LOAD .pio\build\genericSTM32F103C8\FrameworkHALDriver\Src\stm32f1xx_hal_tim_ex.o
LOAD .pio\build\genericSTM32F103C8\FrameworkHALDriver\Src\stm32f1xx_hal_uart.o
LOAD .pio\build\genericSTM32F103C8\FrameworkHALDriver\Src\stm32f1xx_hal_usart.o
LOAD .pio\build\genericSTM32F103C8\FrameworkHALDriver\Src\stm32f1xx_hal_wwdg.o
LOAD .pio\build\genericSTM32F103C8\FrameworkHALDriver\Src\stm32f1xx_ll_adc.o
LOAD .pio\build\genericSTM32F103C8\FrameworkHALDriver\Src\stm32f1xx_ll_crc.o
LOAD .pio\build\genericSTM32F103C8\FrameworkHALDriver\Src\stm32f1xx_ll_dac.o
LOAD .pio\build\genericSTM32F103C8\FrameworkHALDriver\Src\stm32f1xx_ll_dma.o
LOAD .pio\build\genericSTM32F103C8\FrameworkHALDriver\Src\stm32f1xx_ll_exti.o
LOAD .pio\build\genericSTM32F103C8\FrameworkHALDriver\Src\stm32f1xx_ll_fsmc.o
LOAD .pio\build\genericSTM32F103C8\FrameworkHALDriver\Src\stm32f1xx_ll_gpio.o
LOAD .pio\build\genericSTM32F103C8\FrameworkHALDriver\Src\stm32f1xx_ll_i2c.o
LOAD .pio\build\genericSTM32F103C8\FrameworkHALDriver\Src\stm32f1xx_ll_pwr.o
LOAD .pio\build\genericSTM32F103C8\FrameworkHALDriver\Src\stm32f1xx_ll_rcc.o
LOAD .pio\build\genericSTM32F103C8\FrameworkHALDriver\Src\stm32f1xx_ll_rtc.o
LOAD .pio\build\genericSTM32F103C8\FrameworkHALDriver\Src\stm32f1xx_ll_sdmmc.o
LOAD .pio\build\genericSTM32F103C8\FrameworkHALDriver\Src\stm32f1xx_ll_spi.o
LOAD .pio\build\genericSTM32F103C8\FrameworkHALDriver\Src\stm32f1xx_ll_tim.o
LOAD .pio\build\genericSTM32F103C8\FrameworkHALDriver\Src\stm32f1xx_ll_usart.o
LOAD .pio\build\genericSTM32F103C8\FrameworkHALDriver\Src\stm32f1xx_ll_usb.o
LOAD .pio\build\genericSTM32F103C8\FrameworkHALDriver\Src\stm32f1xx_ll_utils.o
LOAD .pio\build\genericSTM32F103C8\src\gpio.o
LOAD .pio\build\genericSTM32F103C8\src\main.o
LOAD .pio\build\genericSTM32F103C8\src\stm32f1xx_hal_msp.o
LOAD .pio\build\genericSTM32F103C8\src\stm32f1xx_it.o
LOAD .pio\build\genericSTM32F103C8\src\system_stm32f1xx.o
LOAD .pio\build\genericSTM32F103C8\src\usart.o
START GROUP
LOAD c:/users/ning mei/.platformio/packages/toolchain-gccarmnoneeabi/bin/../lib/gcc/arm-none-eabi/7.2.1/../../../../arm-none-eabi/lib/thumb/v7-m\libc_nano.a
LOAD c:/users/ning mei/.platformio/packages/toolchain-gccarmnoneeabi/bin/../lib/gcc/arm-none-eabi/7.2.1/thumb/v7-m\libgcc.a
LOAD c:/users/ning mei/.platformio/packages/toolchain-gccarmnoneeabi/bin/../lib/gcc/arm-none-eabi/7.2.1/../../../../arm-none-eabi/lib/thumb/v7-m\libm.a
LOAD c:/users/ning mei/.platformio/packages/toolchain-gccarmnoneeabi/bin/../lib/gcc/arm-none-eabi/7.2.1/../../../../arm-none-eabi/lib/thumb/v7-m\libstdc++_nano.a
LOAD c:/users/ning mei/.platformio/packages/toolchain-gccarmnoneeabi/bin/../lib/gcc/arm-none-eabi/7.2.1/../../../../arm-none-eabi/lib/thumb/v7-m\libnosys.a
LOAD .pio\build\genericSTM32F103C8\libFrameworkCMSISDevice.a
END GROUP
START GROUP
LOAD c:/users/ning mei/.platformio/packages/toolchain-gccarmnoneeabi/bin/../lib/gcc/arm-none-eabi/7.2.1/thumb/v7-m\libgcc.a
LOAD c:/users/ning mei/.platformio/packages/toolchain-gccarmnoneeabi/bin/../lib/gcc/arm-none-eabi/7.2.1/../../../../arm-none-eabi/lib/thumb/v7-m\libc_nano.a
END GROUP
START GROUP
LOAD c:/users/ning mei/.platformio/packages/toolchain-gccarmnoneeabi/bin/../lib/gcc/arm-none-eabi/7.2.1/thumb/v7-m\libgcc.a
LOAD c:/users/ning mei/.platformio/packages/toolchain-gccarmnoneeabi/bin/../lib/gcc/arm-none-eabi/7.2.1/../../../../arm-none-eabi/lib/thumb/v7-m\libc_nano.a
LOAD c:/users/ning mei/.platformio/packages/toolchain-gccarmnoneeabi/bin/../lib/gcc/arm-none-eabi/7.2.1/../../../../arm-none-eabi/lib/thumb/v7-m\libnosys.a
END GROUP
START GROUP
LOAD c:/users/ning mei/.platformio/packages/toolchain-gccarmnoneeabi/bin/../lib/gcc/arm-none-eabi/7.2.1/thumb/v7-m\libgcc.a
LOAD c:/users/ning mei/.platformio/packages/toolchain-gccarmnoneeabi/bin/../lib/gcc/arm-none-eabi/7.2.1/../../../../arm-none-eabi/lib/thumb/v7-m\libc_nano.a
LOAD c:/users/ning mei/.platformio/packages/toolchain-gccarmnoneeabi/bin/../lib/gcc/arm-none-eabi/7.2.1/../../../../arm-none-eabi/lib/thumb/v7-m\libnosys.a
END GROUP
LOAD c:/users/ning mei/.platformio/packages/toolchain-gccarmnoneeabi/bin/../lib/gcc/arm-none-eabi/7.2.1/thumb/v7-m/crtend.o
LOAD c:/users/ning mei/.platformio/packages/toolchain-gccarmnoneeabi/bin/../lib/gcc/arm-none-eabi/7.2.1/thumb/v7-m/crtn.o
                0x20005000                _estack = (ORIGIN (RAM) + LENGTH (RAM))
                0x00000200                _Min_Heap_Size = 0x200
                0x00000400                _Min_Stack_Size = 0x400

.isr_vector     0x08000000      0x10c
                0x08000000                . = ALIGN (0x4)
 *(.isr_vector)
 .isr_vector    0x08000000      0x10c .pio\build\genericSTM32F103C8\libFrameworkCMSISDevice.a(startup_stm32f103xb.o)
                0x08000000                g_pfnVectors
                0x0800010c                . = ALIGN (0x4)

.text           0x08000110     0x3d64
                0x08000110                . = ALIGN (0x4)
 *(.text)
 .text          0x08000110       0x40 c:/users/ning mei/.platformio/packages/toolchain-gccarmnoneeabi/bin/../lib/gcc/arm-none-eabi/7.2.1/thumb/v7-m/crtbegin.o
 .text          0x08000150       0x10 c:/users/ning mei/.platformio/packages/toolchain-gccarmnoneeabi/bin/../lib/gcc/arm-none-eabi/7.2.1/../../../../arm-none-eabi/lib/thumb/v7-m\libc_nano.a(lib_a-strlen.o)
                0x08000150                strlen
 .text          0x08000160      0x378 c:/users/ning mei/.platformio/packages/toolchain-gccarmnoneeabi/bin/../lib/gcc/arm-none-eabi/7.2.1/thumb/v7-m\libgcc.a(_arm_addsubdf3.o)
                0x08000160                __aeabi_drsub
                0x08000168                __aeabi_dsub
                0x08000168                __subdf3
                0x0800016c                __aeabi_dadd
                0x0800016c                __adddf3
                0x080003e4                __floatunsidf
                0x080003e4                __aeabi_ui2d
                0x08000404                __floatsidf
                0x08000404                __aeabi_i2d
                0x08000428                __aeabi_f2d
                0x08000428                __extendsfdf2
                0x0800046c                __floatundidf
                0x0800046c                __aeabi_ul2d
                0x0800047c                __floatdidf
                0x0800047c                __aeabi_l2d
 .text          0x080004d8      0x424 c:/users/ning mei/.platformio/packages/toolchain-gccarmnoneeabi/bin/../lib/gcc/arm-none-eabi/7.2.1/thumb/v7-m\libgcc.a(_arm_muldivdf3.o)
                0x080004d8                __aeabi_dmul
                0x080004d8                __muldf3
                0x0800072c                __divdf3
                0x0800072c                __aeabi_ddiv
 .text          0x080008fc      0x110 c:/users/ning mei/.platformio/packages/toolchain-gccarmnoneeabi/bin/../lib/gcc/arm-none-eabi/7.2.1/thumb/v7-m\libgcc.a(_arm_cmpdf2.o)
                0x080008fc                __gtdf2
                0x080008fc                __gedf2
                0x08000904                __ltdf2
                0x08000904                __ledf2
                0x0800090c                __nedf2
                0x0800090c                __eqdf2
                0x0800090c                __cmpdf2
                0x08000988                __aeabi_cdrcmple
                0x08000998                __aeabi_cdcmpeq
                0x08000998                __aeabi_cdcmple
                0x080009a8                __aeabi_dcmpeq
                0x080009bc                __aeabi_dcmplt
                0x080009d0                __aeabi_dcmple
                0x080009e4                __aeabi_dcmpge
                0x080009f8                __aeabi_dcmpgt
 .text          0x08000a0c       0x2c c:/users/ning mei/.platformio/packages/toolchain-gccarmnoneeabi/bin/../lib/gcc/arm-none-eabi/7.2.1/thumb/v7-m\libgcc.a(_arm_unorddf2.o)
                0x08000a0c                __unorddf2
                0x08000a0c                __aeabi_dcmpun
 .text          0x08000a38       0x50 c:/users/ning mei/.platformio/packages/toolchain-gccarmnoneeabi/bin/../lib/gcc/arm-none-eabi/7.2.1/thumb/v7-m\libgcc.a(_arm_fixdfsi.o)
                0x08000a38                __aeabi_d2iz
                0x08000a38                __fixdfsi
 *(.text*)
 .text.HAL_InitTick
                0x08000a88       0x48 .pio\build\genericSTM32F103C8\FrameworkHALDriver\Src\stm32f1xx_hal.o
                0x08000a88                HAL_InitTick
 .text.HAL_Init
                0x08000ad0       0x24 .pio\build\genericSTM32F103C8\FrameworkHALDriver\Src\stm32f1xx_hal.o
                0x08000ad0                HAL_Init
 .text.HAL_IncTick
                0x08000af4       0x18 .pio\build\genericSTM32F103C8\FrameworkHALDriver\Src\stm32f1xx_hal.o
                0x08000af4                HAL_IncTick
 .text.HAL_GetTick
                0x08000b0c        0xc .pio\build\genericSTM32F103C8\FrameworkHALDriver\Src\stm32f1xx_hal.o
                0x08000b0c                HAL_GetTick
 .text.HAL_Delay
                0x08000b18       0x24 .pio\build\genericSTM32F103C8\FrameworkHALDriver\Src\stm32f1xx_hal.o
                0x08000b18                HAL_Delay
 .text.HAL_NVIC_SetPriorityGrouping
                0x08000b3c       0x24 .pio\build\genericSTM32F103C8\FrameworkHALDriver\Src\stm32f1xx_hal_cortex.o
                0x08000b3c                HAL_NVIC_SetPriorityGrouping
 .text.HAL_NVIC_SetPriority
                0x08000b60       0x68 .pio\build\genericSTM32F103C8\FrameworkHALDriver\Src\stm32f1xx_hal_cortex.o
                0x08000b60                HAL_NVIC_SetPriority
 .text.HAL_NVIC_EnableIRQ
                0x08000bc8       0x1c .pio\build\genericSTM32F103C8\FrameworkHALDriver\Src\stm32f1xx_hal_cortex.o
                0x08000bc8                HAL_NVIC_EnableIRQ
 .text.HAL_SYSTICK_Config
                0x08000be4       0x2c .pio\build\genericSTM32F103C8\FrameworkHALDriver\Src\stm32f1xx_hal_cortex.o
                0x08000be4                HAL_SYSTICK_Config
 .text.HAL_DMA_Abort
                0x08000c10       0x42 .pio\build\genericSTM32F103C8\FrameworkHALDriver\Src\stm32f1xx_hal_dma.o
                0x08000c10                HAL_DMA_Abort
 *fill*         0x08000c52        0x2 
 .text.HAL_DMA_Abort_IT
                0x08000c54       0x90 .pio\build\genericSTM32F103C8\FrameworkHALDriver\Src\stm32f1xx_hal_dma.o
                0x08000c54                HAL_DMA_Abort_IT
 .text.HAL_GPIO_Init
                0x08000ce4      0x1c0 .pio\build\genericSTM32F103C8\FrameworkHALDriver\Src\stm32f1xx_hal_gpio.o
                0x08000ce4                HAL_GPIO_Init
 .text.HAL_GPIO_ReadPin
                0x08000ea4        0xc .pio\build\genericSTM32F103C8\FrameworkHALDriver\Src\stm32f1xx_hal_gpio.o
                0x08000ea4                HAL_GPIO_ReadPin
 .text.HAL_GPIO_WritePin
                0x08000eb0        0xa .pio\build\genericSTM32F103C8\FrameworkHALDriver\Src\stm32f1xx_hal_gpio.o
                0x08000eb0                HAL_GPIO_WritePin
 *fill*         0x08000eba        0x2 
 .text.HAL_GPIO_EXTI_IRQHandler
                0x08000ebc       0x18 .pio\build\genericSTM32F103C8\FrameworkHALDriver\Src\stm32f1xx_hal_gpio.o
                0x08000ebc                HAL_GPIO_EXTI_IRQHandler
 .text.HAL_PWR_EnableWakeUpPin
                0x08000ed4       0x18 .pio\build\genericSTM32F103C8\FrameworkHALDriver\Src\stm32f1xx_hal_pwr.o
                0x08000ed4                HAL_PWR_EnableWakeUpPin
 .text.HAL_PWR_EnterSTANDBYMode
                0x08000eec       0x20 .pio\build\genericSTM32F103C8\FrameworkHALDriver\Src\stm32f1xx_hal_pwr.o
                0x08000eec                HAL_PWR_EnterSTANDBYMode
 .text.HAL_RCC_OscConfig
                0x08000f0c      0x33c .pio\build\genericSTM32F103C8\FrameworkHALDriver\Src\stm32f1xx_hal_rcc.o
                0x08000f0c                HAL_RCC_OscConfig
 .text.HAL_RCC_GetSysClockFreq
                0x08001248       0x74 .pio\build\genericSTM32F103C8\FrameworkHALDriver\Src\stm32f1xx_hal_rcc.o
                0x08001248                HAL_RCC_GetSysClockFreq
 .text.HAL_RCC_ClockConfig
                0x080012bc      0x138 .pio\build\genericSTM32F103C8\FrameworkHALDriver\Src\stm32f1xx_hal_rcc.o
                0x080012bc                HAL_RCC_ClockConfig
 .text.HAL_RCC_GetPCLK1Freq
                0x080013f4       0x20 .pio\build\genericSTM32F103C8\FrameworkHALDriver\Src\stm32f1xx_hal_rcc.o
                0x080013f4                HAL_RCC_GetPCLK1Freq
 .text.HAL_RCC_GetPCLK2Freq
                0x08001414       0x20 .pio\build\genericSTM32F103C8\FrameworkHALDriver\Src\stm32f1xx_hal_rcc.o
                0x08001414                HAL_RCC_GetPCLK2Freq
 .text.UART_EndRxTransfer
                0x08001434       0x2c .pio\build\genericSTM32F103C8\FrameworkHALDriver\Src\stm32f1xx_hal_uart.o
 .text.UART_SetConfig
                0x08001460       0x74 .pio\build\genericSTM32F103C8\FrameworkHALDriver\Src\stm32f1xx_hal_uart.o
 .text.HAL_UART_Init
                0x080014d4       0x5c .pio\build\genericSTM32F103C8\FrameworkHALDriver\Src\stm32f1xx_hal_uart.o
                0x080014d4                HAL_UART_Init
 .text.HAL_UART_TxCpltCallback
                0x08001530        0x2 .pio\build\genericSTM32F103C8\FrameworkHALDriver\Src\stm32f1xx_hal_uart.o
                0x08001530                HAL_UART_TxCpltCallback
 .text.HAL_UART_RxCpltCallback
                0x08001532        0x2 .pio\build\genericSTM32F103C8\FrameworkHALDriver\Src\stm32f1xx_hal_uart.o
                0x08001532                HAL_UART_RxCpltCallback
 .text.HAL_UART_ErrorCallback
                0x08001534        0x2 .pio\build\genericSTM32F103C8\FrameworkHALDriver\Src\stm32f1xx_hal_uart.o
                0x08001534                HAL_UART_ErrorCallback
 .text.UART_DMAAbortOnError
                0x08001536       0x10 .pio\build\genericSTM32F103C8\FrameworkHALDriver\Src\stm32f1xx_hal_uart.o
 .text.HAL_UARTEx_RxEventCallback
                0x08001546        0x2 .pio\build\genericSTM32F103C8\FrameworkHALDriver\Src\stm32f1xx_hal_uart.o
                0x08001546                HAL_UARTEx_RxEventCallback
 .text.UART_Receive_IT
                0x08001548       0xa2 .pio\build\genericSTM32F103C8\FrameworkHALDriver\Src\stm32f1xx_hal_uart.o
 *fill*         0x080015ea        0x2 
 .text.HAL_UART_IRQHandler
                0x080015ec      0x1fc .pio\build\genericSTM32F103C8\FrameworkHALDriver\Src\stm32f1xx_hal_uart.o
                0x080015ec                HAL_UART_IRQHandler
 .text.MX_GPIO_Init
                0x080017e8       0xa0 .pio\build\genericSTM32F103C8\src\gpio.o
                0x080017e8                MX_GPIO_Init
 .text.HAL_GPIO_EXTI_Callback
                0x08001888       0x2c .pio\build\genericSTM32F103C8\src\gpio.o
                0x08001888                HAL_GPIO_EXTI_Callback
 .text.SystemClock_Config
                0x080018b4       0x5e .pio\build\genericSTM32F103C8\src\main.o
                0x080018b4                SystemClock_Config
 *fill*         0x08001912        0x2 
 .text.startup.main
                0x08001914       0xc8 .pio\build\genericSTM32F103C8\src\main.o
                0x08001914                main
 .text.Error_Handler
                0x080019dc        0x4 .pio\build\genericSTM32F103C8\src\main.o
                0x080019dc                Error_Handler
 .text.HAL_MspInit
                0x080019e0       0x4c .pio\build\genericSTM32F103C8\src\stm32f1xx_hal_msp.o
                0x080019e0                HAL_MspInit
 .text.NMI_Handler
                0x08001a2c        0x2 .pio\build\genericSTM32F103C8\src\stm32f1xx_it.o
                0x08001a2c                NMI_Handler
 .text.HardFault_Handler
                0x08001a2e        0x2 .pio\build\genericSTM32F103C8\src\stm32f1xx_it.o
                0x08001a2e                HardFault_Handler
 .text.MemManage_Handler
                0x08001a30        0x2 .pio\build\genericSTM32F103C8\src\stm32f1xx_it.o
                0x08001a30                MemManage_Handler
 .text.BusFault_Handler
                0x08001a32        0x2 .pio\build\genericSTM32F103C8\src\stm32f1xx_it.o
                0x08001a32                BusFault_Handler
 .text.UsageFault_Handler
                0x08001a34        0x2 .pio\build\genericSTM32F103C8\src\stm32f1xx_it.o
                0x08001a34                UsageFault_Handler
 .text.SVC_Handler
                0x08001a36        0x2 .pio\build\genericSTM32F103C8\src\stm32f1xx_it.o
                0x08001a36                SVC_Handler
 .text.DebugMon_Handler
                0x08001a38        0x2 .pio\build\genericSTM32F103C8\src\stm32f1xx_it.o
                0x08001a38                DebugMon_Handler
 .text.PendSV_Handler
                0x08001a3a        0x2 .pio\build\genericSTM32F103C8\src\stm32f1xx_it.o
                0x08001a3a                PendSV_Handler
 .text.SysTick_Handler
                0x08001a3c        0x4 .pio\build\genericSTM32F103C8\src\stm32f1xx_it.o
                0x08001a3c                SysTick_Handler
 .text.USART1_IRQHandler
                0x08001a40        0xc .pio\build\genericSTM32F103C8\src\stm32f1xx_it.o
                0x08001a40                USART1_IRQHandler
 .text.EXTI15_10_IRQHandler
                0x08001a4c        0x8 .pio\build\genericSTM32F103C8\src\stm32f1xx_it.o
                0x08001a4c                EXTI15_10_IRQHandler
 .text.SystemInit
                0x08001a54        0x2 .pio\build\genericSTM32F103C8\src\system_stm32f1xx.o
                0x08001a54                SystemInit
 *fill*         0x08001a56        0x2 
 .text.MX_USART1_UART_Init
                0x08001a58       0x38 .pio\build\genericSTM32F103C8\src\usart.o
                0x08001a58                MX_USART1_UART_Init
 .text.HAL_UART_MspInit
                0x08001a90       0x88 .pio\build\genericSTM32F103C8\src\usart.o
                0x08001a90                HAL_UART_MspInit
 .text.__libc_init_array
                0x08001b18       0x48 c:/users/ning mei/.platformio/packages/toolchain-gccarmnoneeabi/bin/../lib/gcc/arm-none-eabi/7.2.1/../../../../arm-none-eabi/lib/thumb/v7-m\libc_nano.a(lib_a-init.o)
                0x08001b18                __libc_init_array
 .text.memset   0x08001b60       0x10 c:/users/ning mei/.platformio/packages/toolchain-gccarmnoneeabi/bin/../lib/gcc/arm-none-eabi/7.2.1/../../../../arm-none-eabi/lib/thumb/v7-m\libc_nano.a(lib_a-memset.o)
                0x08001b60                memset
 .text.__cvt    0x08001b70       0xb8 c:/users/ning mei/.platformio/packages/toolchain-gccarmnoneeabi/bin/../lib/gcc/arm-none-eabi/7.2.1/../../../../arm-none-eabi/lib/thumb/v7-m\libc_nano.a(lib_a-nano-vfprintf_float.o)
                0x08001b70                __cvt
 .text.__exponent
                0x08001c28       0x6a c:/users/ning mei/.platformio/packages/toolchain-gccarmnoneeabi/bin/../lib/gcc/arm-none-eabi/7.2.1/../../../../arm-none-eabi/lib/thumb/v7-m\libc_nano.a(lib_a-nano-vfprintf_float.o)
                0x08001c28                __exponent
 *fill*         0x08001c92        0x2 
 .text._printf_float
                0x08001c94      0x46c c:/users/ning mei/.platformio/packages/toolchain-gccarmnoneeabi/bin/../lib/gcc/arm-none-eabi/7.2.1/../../../../arm-none-eabi/lib/thumb/v7-m\libc_nano.a(lib_a-nano-vfprintf_float.o)
                0x08001c94                _printf_float
 .text._printf_common
                0x08002100       0xec c:/users/ning mei/.platformio/packages/toolchain-gccarmnoneeabi/bin/../lib/gcc/arm-none-eabi/7.2.1/../../../../arm-none-eabi/lib/thumb/v7-m\libc_nano.a(lib_a-nano-vfprintf_i.o)
                0x08002100                _printf_common
 .text._puts_r  0x080021ec       0xb8 c:/users/ning mei/.platformio/packages/toolchain-gccarmnoneeabi/bin/../lib/gcc/arm-none-eabi/7.2.1/../../../../arm-none-eabi/lib/thumb/v7-m\libc_nano.a(lib_a-puts.o)
                0x080021ec                _puts_r
 .text.puts     0x080022a4       0x10 c:/users/ning mei/.platformio/packages/toolchain-gccarmnoneeabi/bin/../lib/gcc/arm-none-eabi/7.2.1/../../../../arm-none-eabi/lib/thumb/v7-m\libc_nano.a(lib_a-puts.o)
                0x080022a4                puts
 .text.__swbuf_r
                0x080022b4       0xa4 c:/users/ning mei/.platformio/packages/toolchain-gccarmnoneeabi/bin/../lib/gcc/arm-none-eabi/7.2.1/../../../../arm-none-eabi/lib/thumb/v7-m\libc_nano.a(lib_a-wbuf.o)
                0x080022b4                __swbuf_r
 .text.__swsetup_r
                0x08002358       0xdc c:/users/ning mei/.platformio/packages/toolchain-gccarmnoneeabi/bin/../lib/gcc/arm-none-eabi/7.2.1/../../../../arm-none-eabi/lib/thumb/v7-m\libc_nano.a(lib_a-wsetup.o)
                0x08002358                __swsetup_r
 .text.quorem   0x08002434      0x11c c:/users/ning mei/.platformio/packages/toolchain-gccarmnoneeabi/bin/../lib/gcc/arm-none-eabi/7.2.1/../../../../arm-none-eabi/lib/thumb/v7-m\libc_nano.a(lib_a-dtoa.o)
 .text._dtoa_r  0x08002550      0xb68 c:/users/ning mei/.platformio/packages/toolchain-gccarmnoneeabi/bin/../lib/gcc/arm-none-eabi/7.2.1/../../../../arm-none-eabi/lib/thumb/v7-m\libc_nano.a(lib_a-dtoa.o)
                0x08002550                _dtoa_r
 .text.__sflush_r
                0x080030b8      0x10c c:/users/ning mei/.platformio/packages/toolchain-gccarmnoneeabi/bin/../lib/gcc/arm-none-eabi/7.2.1/../../../../arm-none-eabi/lib/thumb/v7-m\libc_nano.a(lib_a-fflush.o)
                0x080030b8                __sflush_r
 .text._fflush_r
                0x080031c4       0x54 c:/users/ning mei/.platformio/packages/toolchain-gccarmnoneeabi/bin/../lib/gcc/arm-none-eabi/7.2.1/../../../../arm-none-eabi/lib/thumb/v7-m\libc_nano.a(lib_a-fflush.o)
                0x080031c4                _fflush_r
 .text.std      0x08003218       0x48 c:/users/ning mei/.platformio/packages/toolchain-gccarmnoneeabi/bin/../lib/gcc/arm-none-eabi/7.2.1/../../../../arm-none-eabi/lib/thumb/v7-m\libc_nano.a(lib_a-findfp.o)
 .text._cleanup_r
                0x08003260        0xc c:/users/ning mei/.platformio/packages/toolchain-gccarmnoneeabi/bin/../lib/gcc/arm-none-eabi/7.2.1/../../../../arm-none-eabi/lib/thumb/v7-m\libc_nano.a(lib_a-findfp.o)
                0x08003260                _cleanup_r
 .text.__sfmoreglue
                0x0800326c       0x2c c:/users/ning mei/.platformio/packages/toolchain-gccarmnoneeabi/bin/../lib/gcc/arm-none-eabi/7.2.1/../../../../arm-none-eabi/lib/thumb/v7-m\libc_nano.a(lib_a-findfp.o)
                0x0800326c                __sfmoreglue
 .text.__sinit  0x08003298       0x60 c:/users/ning mei/.platformio/packages/toolchain-gccarmnoneeabi/bin/../lib/gcc/arm-none-eabi/7.2.1/../../../../arm-none-eabi/lib/thumb/v7-m\libc_nano.a(lib_a-findfp.o)
                0x08003298                __sinit
 .text.__sfp    0x080032f8       0x78 c:/users/ning mei/.platformio/packages/toolchain-gccarmnoneeabi/bin/../lib/gcc/arm-none-eabi/7.2.1/../../../../arm-none-eabi/lib/thumb/v7-m\libc_nano.a(lib_a-findfp.o)
                0x080032f8                __sfp
 .text._fwalk_reent
                0x08003370       0x3c c:/users/ning mei/.platformio/packages/toolchain-gccarmnoneeabi/bin/../lib/gcc/arm-none-eabi/7.2.1/../../../../arm-none-eabi/lib/thumb/v7-m\libc_nano.a(lib_a-fwalk.o)
                0x08003370                _fwalk_reent
 .text._localeconv_r
                0x080033ac       0x1c c:/users/ning mei/.platformio/packages/toolchain-gccarmnoneeabi/bin/../lib/gcc/arm-none-eabi/7.2.1/../../../../arm-none-eabi/lib/thumb/v7-m\libc_nano.a(lib_a-localeconv.o)
                0x080033ac                _localeconv_r
 .text.__swhatbuf_r
                0x080033c8       0x48 c:/users/ning mei/.platformio/packages/toolchain-gccarmnoneeabi/bin/../lib/gcc/arm-none-eabi/7.2.1/../../../../arm-none-eabi/lib/thumb/v7-m\libc_nano.a(lib_a-makebuf.o)
                0x080033c8                __swhatbuf_r
 .text.__smakebuf_r
                0x08003410       0x80 c:/users/ning mei/.platformio/packages/toolchain-gccarmnoneeabi/bin/../lib/gcc/arm-none-eabi/7.2.1/../../../../arm-none-eabi/lib/thumb/v7-m\libc_nano.a(lib_a-makebuf.o)
                0x08003410                __smakebuf_r
 .text.malloc   0x08003490       0x10 c:/users/ning mei/.platformio/packages/toolchain-gccarmnoneeabi/bin/../lib/gcc/arm-none-eabi/7.2.1/../../../../arm-none-eabi/lib/thumb/v7-m\libc_nano.a(lib_a-malloc.o)
                0x08003490                malloc
 .text.memcpy   0x080034a0       0x16 c:/users/ning mei/.platformio/packages/toolchain-gccarmnoneeabi/bin/../lib/gcc/arm-none-eabi/7.2.1/../../../../arm-none-eabi/lib/thumb/v7-m\libc_nano.a(lib_a-memcpy-stub.o)
                0x080034a0                memcpy
 .text._Balloc  0x080034b6       0x68 c:/users/ning mei/.platformio/packages/toolchain-gccarmnoneeabi/bin/../lib/gcc/arm-none-eabi/7.2.1/../../../../arm-none-eabi/lib/thumb/v7-m\libc_nano.a(lib_a-mprec.o)
                0x080034b6                _Balloc
 .text._Bfree   0x0800351e       0x2e c:/users/ning mei/.platformio/packages/toolchain-gccarmnoneeabi/bin/../lib/gcc/arm-none-eabi/7.2.1/../../../../arm-none-eabi/lib/thumb/v7-m\libc_nano.a(lib_a-mprec.o)
                0x0800351e                _Bfree
 .text.__multadd
                0x0800354c       0x76 c:/users/ning mei/.platformio/packages/toolchain-gccarmnoneeabi/bin/../lib/gcc/arm-none-eabi/7.2.1/../../../../arm-none-eabi/lib/thumb/v7-m\libc_nano.a(lib_a-mprec.o)
                0x0800354c                __multadd
 .text.__hi0bits
                0x080035c2       0x3e c:/users/ning mei/.platformio/packages/toolchain-gccarmnoneeabi/bin/../lib/gcc/arm-none-eabi/7.2.1/../../../../arm-none-eabi/lib/thumb/v7-m\libc_nano.a(lib_a-mprec.o)
                0x080035c2                __hi0bits
 .text.__lo0bits
                0x08003600       0x5e c:/users/ning mei/.platformio/packages/toolchain-gccarmnoneeabi/bin/../lib/gcc/arm-none-eabi/7.2.1/../../../../arm-none-eabi/lib/thumb/v7-m\libc_nano.a(lib_a-mprec.o)
                0x08003600                __lo0bits
 .text.__i2b    0x0800365e       0x12 c:/users/ning mei/.platformio/packages/toolchain-gccarmnoneeabi/bin/../lib/gcc/arm-none-eabi/7.2.1/../../../../arm-none-eabi/lib/thumb/v7-m\libc_nano.a(lib_a-mprec.o)
                0x0800365e                __i2b
 .text.__multiply
                0x08003670      0x12a c:/users/ning mei/.platformio/packages/toolchain-gccarmnoneeabi/bin/../lib/gcc/arm-none-eabi/7.2.1/../../../../arm-none-eabi/lib/thumb/v7-m\libc_nano.a(lib_a-mprec.o)
                0x08003670                __multiply
 *fill*         0x0800379a        0x2 
 .text.__pow5mult
                0x0800379c       0x9c c:/users/ning mei/.platformio/packages/toolchain-gccarmnoneeabi/bin/../lib/gcc/arm-none-eabi/7.2.1/../../../../arm-none-eabi/lib/thumb/v7-m\libc_nano.a(lib_a-mprec.o)
                0x0800379c                __pow5mult
 .text.__lshift
                0x08003838       0xa8 c:/users/ning mei/.platformio/packages/toolchain-gccarmnoneeabi/bin/../lib/gcc/arm-none-eabi/7.2.1/../../../../arm-none-eabi/lib/thumb/v7-m\libc_nano.a(lib_a-mprec.o)
                0x08003838                __lshift
 .text.__mcmp   0x080038e0       0x34 c:/users/ning mei/.platformio/packages/toolchain-gccarmnoneeabi/bin/../lib/gcc/arm-none-eabi/7.2.1/../../../../arm-none-eabi/lib/thumb/v7-m\libc_nano.a(lib_a-mprec.o)
                0x080038e0                __mcmp
 .text.__mdiff  0x08003914       0xbc c:/users/ning mei/.platformio/packages/toolchain-gccarmnoneeabi/bin/../lib/gcc/arm-none-eabi/7.2.1/../../../../arm-none-eabi/lib/thumb/v7-m\libc_nano.a(lib_a-mprec.o)
                0x08003914                __mdiff
 .text.__d2b    0x080039d0       0x9e c:/users/ning mei/.platformio/packages/toolchain-gccarmnoneeabi/bin/../lib/gcc/arm-none-eabi/7.2.1/../../../../arm-none-eabi/lib/thumb/v7-m\libc_nano.a(lib_a-mprec.o)
                0x080039d0                __d2b
 .text._calloc_r
                0x08003a6e       0x1c c:/users/ning mei/.platformio/packages/toolchain-gccarmnoneeabi/bin/../lib/gcc/arm-none-eabi/7.2.1/../../../../arm-none-eabi/lib/thumb/v7-m\libc_nano.a(lib_a-nano-callocr.o)
                0x08003a6e                _calloc_r
 *fill*         0x08003a8a        0x2 
 .text._free_r  0x08003a8c       0x98 c:/users/ning mei/.platformio/packages/toolchain-gccarmnoneeabi/bin/../lib/gcc/arm-none-eabi/7.2.1/../../../../arm-none-eabi/lib/thumb/v7-m\libc_nano.a(lib_a-nano-freer.o)
                0x08003a8c                _free_r
 .text._malloc_r
                0x08003b24       0xb4 c:/users/ning mei/.platformio/packages/toolchain-gccarmnoneeabi/bin/../lib/gcc/arm-none-eabi/7.2.1/../../../../arm-none-eabi/lib/thumb/v7-m\libc_nano.a(lib_a-nano-mallocr.o)
                0x08003b24                _malloc_r
 .text._sbrk_r  0x08003bd8       0x20 c:/users/ning mei/.platformio/packages/toolchain-gccarmnoneeabi/bin/../lib/gcc/arm-none-eabi/7.2.1/../../../../arm-none-eabi/lib/thumb/v7-m\libc_nano.a(lib_a-sbrkr.o)
                0x08003bd8                _sbrk_r
 .text.__sread  0x08003bf8       0x22 c:/users/ning mei/.platformio/packages/toolchain-gccarmnoneeabi/bin/../lib/gcc/arm-none-eabi/7.2.1/../../../../arm-none-eabi/lib/thumb/v7-m\libc_nano.a(lib_a-stdio.o)
                0x08003bf8                __sread
 .text.__swrite
                0x08003c1a       0x38 c:/users/ning mei/.platformio/packages/toolchain-gccarmnoneeabi/bin/../lib/gcc/arm-none-eabi/7.2.1/../../../../arm-none-eabi/lib/thumb/v7-m\libc_nano.a(lib_a-stdio.o)
                0x08003c1a                __swrite
 .text.__sseek  0x08003c52       0x24 c:/users/ning mei/.platformio/packages/toolchain-gccarmnoneeabi/bin/../lib/gcc/arm-none-eabi/7.2.1/../../../../arm-none-eabi/lib/thumb/v7-m\libc_nano.a(lib_a-stdio.o)
                0x08003c52                __sseek
 .text.__sclose
                0x08003c76        0x8 c:/users/ning mei/.platformio/packages/toolchain-gccarmnoneeabi/bin/../lib/gcc/arm-none-eabi/7.2.1/../../../../arm-none-eabi/lib/thumb/v7-m\libc_nano.a(lib_a-stdio.o)
                0x08003c76                __sclose
 *fill*         0x08003c7e        0x2 
 .text._write_r
                0x08003c80       0x24 c:/users/ning mei/.platformio/packages/toolchain-gccarmnoneeabi/bin/../lib/gcc/arm-none-eabi/7.2.1/../../../../arm-none-eabi/lib/thumb/v7-m\libc_nano.a(lib_a-writer.o)
                0x08003c80                _write_r
 .text._close_r
                0x08003ca4       0x20 c:/users/ning mei/.platformio/packages/toolchain-gccarmnoneeabi/bin/../lib/gcc/arm-none-eabi/7.2.1/../../../../arm-none-eabi/lib/thumb/v7-m\libc_nano.a(lib_a-closer.o)
                0x08003ca4                _close_r
 .text._fstat_r
                0x08003cc4       0x24 c:/users/ning mei/.platformio/packages/toolchain-gccarmnoneeabi/bin/../lib/gcc/arm-none-eabi/7.2.1/../../../../arm-none-eabi/lib/thumb/v7-m\libc_nano.a(lib_a-fstatr.o)
                0x08003cc4                _fstat_r
 .text._isatty_r
                0x08003ce8       0x20 c:/users/ning mei/.platformio/packages/toolchain-gccarmnoneeabi/bin/../lib/gcc/arm-none-eabi/7.2.1/../../../../arm-none-eabi/lib/thumb/v7-m\libc_nano.a(lib_a-isattyr.o)
                0x08003ce8                _isatty_r
 .text._lseek_r
                0x08003d08       0x24 c:/users/ning mei/.platformio/packages/toolchain-gccarmnoneeabi/bin/../lib/gcc/arm-none-eabi/7.2.1/../../../../arm-none-eabi/lib/thumb/v7-m\libc_nano.a(lib_a-lseekr.o)
                0x08003d08                _lseek_r
 .text.__ascii_mbtowc
                0x08003d2c       0x24 c:/users/ning mei/.platformio/packages/toolchain-gccarmnoneeabi/bin/../lib/gcc/arm-none-eabi/7.2.1/../../../../arm-none-eabi/lib/thumb/v7-m\libc_nano.a(lib_a-mbtowc_r.o)
                0x08003d2c                __ascii_mbtowc
 .text.__malloc_lock
                0x08003d50        0x2 c:/users/ning mei/.platformio/packages/toolchain-gccarmnoneeabi/bin/../lib/gcc/arm-none-eabi/7.2.1/../../../../arm-none-eabi/lib/thumb/v7-m\libc_nano.a(lib_a-mlock.o)
                0x08003d50                __malloc_lock
 .text.__malloc_unlock
                0x08003d52        0x2 c:/users/ning mei/.platformio/packages/toolchain-gccarmnoneeabi/bin/../lib/gcc/arm-none-eabi/7.2.1/../../../../arm-none-eabi/lib/thumb/v7-m\libc_nano.a(lib_a-mlock.o)
                0x08003d52                __malloc_unlock
 .text._read_r  0x08003d54       0x24 c:/users/ning mei/.platformio/packages/toolchain-gccarmnoneeabi/bin/../lib/gcc/arm-none-eabi/7.2.1/../../../../arm-none-eabi/lib/thumb/v7-m\libc_nano.a(lib_a-readr.o)
                0x08003d54                _read_r
 .text.__ascii_wctomb
                0x08003d78       0x1a c:/users/ning mei/.platformio/packages/toolchain-gccarmnoneeabi/bin/../lib/gcc/arm-none-eabi/7.2.1/../../../../arm-none-eabi/lib/thumb/v7-m\libc_nano.a(lib_a-wctomb_r.o)
                0x08003d78                __ascii_wctomb
 *fill*         0x08003d92        0x2 
 .text._close   0x08003d94       0x10 c:/users/ning mei/.platformio/packages/toolchain-gccarmnoneeabi/bin/../lib/gcc/arm-none-eabi/7.2.1/../../../../arm-none-eabi/lib/thumb/v7-m\libnosys.a(close.o)
                0x08003d94                _close
 .text._fstat   0x08003da4       0x10 c:/users/ning mei/.platformio/packages/toolchain-gccarmnoneeabi/bin/../lib/gcc/arm-none-eabi/7.2.1/../../../../arm-none-eabi/lib/thumb/v7-m\libnosys.a(fstat.o)
                0x08003da4                _fstat
 .text._isatty  0x08003db4       0x10 c:/users/ning mei/.platformio/packages/toolchain-gccarmnoneeabi/bin/../lib/gcc/arm-none-eabi/7.2.1/../../../../arm-none-eabi/lib/thumb/v7-m\libnosys.a(isatty.o)
                0x08003db4                _isatty
 .text._lseek   0x08003dc4       0x10 c:/users/ning mei/.platformio/packages/toolchain-gccarmnoneeabi/bin/../lib/gcc/arm-none-eabi/7.2.1/../../../../arm-none-eabi/lib/thumb/v7-m\libnosys.a(lseek.o)
                0x08003dc4                _lseek
 .text._read    0x08003dd4       0x10 c:/users/ning mei/.platformio/packages/toolchain-gccarmnoneeabi/bin/../lib/gcc/arm-none-eabi/7.2.1/../../../../arm-none-eabi/lib/thumb/v7-m\libnosys.a(read.o)
                0x08003dd4                _read
 .text._sbrk    0x08003de4       0x1c c:/users/ning mei/.platformio/packages/toolchain-gccarmnoneeabi/bin/../lib/gcc/arm-none-eabi/7.2.1/../../../../arm-none-eabi/lib/thumb/v7-m\libnosys.a(sbrk.o)
                0x08003de4                _sbrk
 .text._write   0x08003e00       0x10 c:/users/ning mei/.platformio/packages/toolchain-gccarmnoneeabi/bin/../lib/gcc/arm-none-eabi/7.2.1/../../../../arm-none-eabi/lib/thumb/v7-m\libnosys.a(write.o)
                0x08003e00                _write
 .text.Reset_Handler
                0x08003e10       0x48 .pio\build\genericSTM32F103C8\libFrameworkCMSISDevice.a(startup_stm32f103xb.o)
                0x08003e10                Reset_Handler
 .text.Default_Handler
                0x08003e58        0x2 .pio\build\genericSTM32F103C8\libFrameworkCMSISDevice.a(startup_stm32f103xb.o)
                0x08003e58                RTC_Alarm_IRQHandler
                0x08003e58                EXTI2_IRQHandler
                0x08003e58                TIM1_CC_IRQHandler
                0x08003e58                PVD_IRQHandler
                0x08003e58                EXTI3_IRQHandler
                0x08003e58                EXTI0_IRQHandler
                0x08003e58                I2C2_EV_IRQHandler
                0x08003e58                ADC1_2_IRQHandler
                0x08003e58                SPI1_IRQHandler
                0x08003e58                TAMPER_IRQHandler
                0x08003e58                DMA1_Channel4_IRQHandler
                0x08003e58                USART3_IRQHandler
                0x08003e58                RTC_IRQHandler
                0x08003e58                DMA1_Channel7_IRQHandler
                0x08003e58                CAN1_RX1_IRQHandler
                0x08003e58                TIM4_IRQHandler
                0x08003e58                I2C1_EV_IRQHandler
                0x08003e58                DMA1_Channel6_IRQHandler
                0x08003e58                TIM3_IRQHandler
                0x08003e58                RCC_IRQHandler
                0x08003e58                TIM1_TRG_COM_IRQHandler
                0x08003e58                DMA1_Channel1_IRQHandler
                0x08003e58                Default_Handler
                0x08003e58                EXTI9_5_IRQHandler
                0x08003e58                SPI2_IRQHandler
                0x08003e58                DMA1_Channel5_IRQHandler
                0x08003e58                EXTI4_IRQHandler
                0x08003e58                USB_LP_CAN1_RX0_IRQHandler
                0x08003e58                USB_HP_CAN1_TX_IRQHandler
                0x08003e58                DMA1_Channel3_IRQHandler
                0x08003e58                TIM1_UP_IRQHandler
                0x08003e58                WWDG_IRQHandler
                0x08003e58                TIM2_IRQHandler
                0x08003e58                TIM1_BRK_IRQHandler
                0x08003e58                EXTI1_IRQHandler
                0x08003e58                USART2_IRQHandler
                0x08003e58                I2C2_ER_IRQHandler
                0x08003e58                DMA1_Channel2_IRQHandler
                0x08003e58                CAN1_SCE_IRQHandler
                0x08003e58                FLASH_IRQHandler
                0x08003e58                I2C1_ER_IRQHandler
                0x08003e58                USBWakeUp_IRQHandler
 *(.glue_7)
 .glue_7        0x08003e5a        0x0 linker stubs
 *(.glue_7t)
 .glue_7t       0x08003e5a        0x0 linker stubs
 *(.eh_frame)
 *fill*         0x08003e5a        0x2 
 .eh_frame      0x08003e5c        0x0 c:/users/ning mei/.platformio/packages/toolchain-gccarmnoneeabi/bin/../lib/gcc/arm-none-eabi/7.2.1/thumb/v7-m/crtbegin.o
 *(.init)
 .init          0x08003e5c        0x4 c:/users/ning mei/.platformio/packages/toolchain-gccarmnoneeabi/bin/../lib/gcc/arm-none-eabi/7.2.1/thumb/v7-m/crti.o
                0x08003e5c                _init
 .init          0x08003e60        0x8 c:/users/ning mei/.platformio/packages/toolchain-gccarmnoneeabi/bin/../lib/gcc/arm-none-eabi/7.2.1/thumb/v7-m/crtn.o
 *(.fini)
 .fini          0x08003e68        0x4 c:/users/ning mei/.platformio/packages/toolchain-gccarmnoneeabi/bin/../lib/gcc/arm-none-eabi/7.2.1/thumb/v7-m/crti.o
                0x08003e68                _fini
 .fini          0x08003e6c        0x8 c:/users/ning mei/.platformio/packages/toolchain-gccarmnoneeabi/bin/../lib/gcc/arm-none-eabi/7.2.1/thumb/v7-m/crtn.o
                0x08003e74                . = ALIGN (0x4)
                0x08003e74                _etext = .

.vfp11_veneer   0x08003e74        0x0
 .vfp11_veneer  0x08003e74        0x0 linker stubs

.v4_bx          0x08003e74        0x0
 .v4_bx         0x08003e74        0x0 linker stubs

.iplt           0x08003e74        0x0
 .iplt          0x08003e74        0x0 c:/users/ning mei/.platformio/packages/toolchain-gccarmnoneeabi/bin/../lib/gcc/arm-none-eabi/7.2.1/thumb/v7-m/crtbegin.o

.rodata         0x08003e78      0x318
                0x08003e78                . = ALIGN (0x4)
 *(.rodata)
 .rodata        0x08003e78       0x10 .pio\build\genericSTM32F103C8\FrameworkHALDriver\Src\stm32f1xx_hal_rcc.o
 *(.rodata*)
 .rodata.HAL_GPIO_EXTI_Callback.str1.1
                0x08003e88       0x2f .pio\build\genericSTM32F103C8\src\gpio.o
 .rodata.main.str1.1
                0x08003eb7       0x32 .pio\build\genericSTM32F103C8\src\main.o
 .rodata.AHBPrescTable
                0x08003ee9       0x10 .pio\build\genericSTM32F103C8\src\system_stm32f1xx.o
                0x08003ee9                AHBPrescTable
 .rodata.APBPrescTable
                0x08003ef9        0x8 .pio\build\genericSTM32F103C8\src\system_stm32f1xx.o
                0x08003ef9                APBPrescTable
 *fill*         0x08003f01        0x3 
 .rodata._global_impure_ptr
                0x08003f04        0x4 c:/users/ning mei/.platformio/packages/toolchain-gccarmnoneeabi/bin/../lib/gcc/arm-none-eabi/7.2.1/../../../../arm-none-eabi/lib/thumb/v7-m\libc_nano.a(lib_a-impure.o)
                0x08003f04                _global_impure_ptr
 .rodata._printf_float.str1.1
                0x08003f08       0x12 c:/users/ning mei/.platformio/packages/toolchain-gccarmnoneeabi/bin/../lib/gcc/arm-none-eabi/7.2.1/../../../../arm-none-eabi/lib/thumb/v7-m\libc_nano.a(lib_a-nano-vfprintf_float.o)
 .rodata._dtoa_r.str1.1
                0x08003f1a        0xd c:/users/ning mei/.platformio/packages/toolchain-gccarmnoneeabi/bin/../lib/gcc/arm-none-eabi/7.2.1/../../../../arm-none-eabi/lib/thumb/v7-m\libc_nano.a(lib_a-dtoa.o)
                                  0xf (size before relaxing)
 *fill*         0x08003f27        0x1 
 .rodata.__sf_fake_stderr
                0x08003f28       0x20 c:/users/ning mei/.platformio/packages/toolchain-gccarmnoneeabi/bin/../lib/gcc/arm-none-eabi/7.2.1/../../../../arm-none-eabi/lib/thumb/v7-m\libc_nano.a(lib_a-findfp.o)
                0x08003f28                __sf_fake_stderr
 .rodata.__sf_fake_stdin
                0x08003f48       0x20 c:/users/ning mei/.platformio/packages/toolchain-gccarmnoneeabi/bin/../lib/gcc/arm-none-eabi/7.2.1/../../../../arm-none-eabi/lib/thumb/v7-m\libc_nano.a(lib_a-findfp.o)
                0x08003f48                __sf_fake_stdin
 .rodata.__sf_fake_stdout
                0x08003f68       0x20 c:/users/ning mei/.platformio/packages/toolchain-gccarmnoneeabi/bin/../lib/gcc/arm-none-eabi/7.2.1/../../../../arm-none-eabi/lib/thumb/v7-m\libc_nano.a(lib_a-findfp.o)
                0x08003f68                __sf_fake_stdout
 .rodata.__mprec_bigtens
                0x08003f88       0x28 c:/users/ning mei/.platformio/packages/toolchain-gccarmnoneeabi/bin/../lib/gcc/arm-none-eabi/7.2.1/../../../../arm-none-eabi/lib/thumb/v7-m\libc_nano.a(lib_a-mprec.o)
                0x08003f88                __mprec_bigtens
 .rodata.__mprec_tens
                0x08003fb0       0xc8 c:/users/ning mei/.platformio/packages/toolchain-gccarmnoneeabi/bin/../lib/gcc/arm-none-eabi/7.2.1/../../../../arm-none-eabi/lib/thumb/v7-m\libc_nano.a(lib_a-mprec.o)
                0x08003fb0                __mprec_tens
 .rodata.p05.6084
                0x08004078        0xc c:/users/ning mei/.platformio/packages/toolchain-gccarmnoneeabi/bin/../lib/gcc/arm-none-eabi/7.2.1/../../../../arm-none-eabi/lib/thumb/v7-m\libc_nano.a(lib_a-mprec.o)
 .rodata._setlocale_r.str1.1
                0x08004084        0x8 c:/users/ning mei/.platformio/packages/toolchain-gccarmnoneeabi/bin/../lib/gcc/arm-none-eabi/7.2.1/../../../../arm-none-eabi/lib/thumb/v7-m\libc_nano.a(lib_a-locale.o)
                                  0x9 (size before relaxing)
 .rodata.str1.1
                0x0800408c        0x2 c:/users/ning mei/.platformio/packages/toolchain-gccarmnoneeabi/bin/../lib/gcc/arm-none-eabi/7.2.1/../../../../arm-none-eabi/lib/thumb/v7-m\libc_nano.a(lib_a-locale.o)
 .rodata._ctype_
                0x0800408e      0x101 c:/users/ning mei/.platformio/packages/toolchain-gccarmnoneeabi/bin/../lib/gcc/arm-none-eabi/7.2.1/../../../../arm-none-eabi/lib/thumb/v7-m\libc_nano.a(lib_a-ctype_.o)
                0x0800408e                _ctype_
                0x08004190                . = ALIGN (0x4)
 *fill*         0x0800418f        0x1 

.rel.dyn        0x08004190        0x0
 .rel.iplt      0x08004190        0x0 c:/users/ning mei/.platformio/packages/toolchain-gccarmnoneeabi/bin/../lib/gcc/arm-none-eabi/7.2.1/thumb/v7-m/crtbegin.o

.ARM.extab      0x08004190        0x0
                0x08004190                . = ALIGN (0x4)
 *(.ARM.extab* .gnu.linkonce.armextab.*)
                0x08004190                . = ALIGN (0x4)

.ARM            0x08004190        0x0
                0x08004190                . = ALIGN (0x4)
                0x08004190                __exidx_start = .
 *(.ARM.exidx*)
                0x08004190                __exidx_end = .
                0x08004190                . = ALIGN (0x4)

.preinit_array  0x08004190        0x0
                0x08004190                . = ALIGN (0x4)
                0x08004190                PROVIDE (__preinit_array_start, .)
 *(.preinit_array*)
                0x08004190                PROVIDE (__preinit_array_end, .)
                0x08004190                . = ALIGN (0x4)

.init_array     0x08004190        0x4
                0x08004190                . = ALIGN (0x4)
                0x08004190                PROVIDE (__init_array_start, .)
 *(SORT_BY_NAME(.init_array.*))
 *(.init_array*)
 .init_array    0x08004190        0x4 c:/users/ning mei/.platformio/packages/toolchain-gccarmnoneeabi/bin/../lib/gcc/arm-none-eabi/7.2.1/thumb/v7-m/crtbegin.o
                0x08004194                PROVIDE (__init_array_end, .)
                0x08004194                . = ALIGN (0x4)

.fini_array     0x08004194        0x4
                0x08004194                . = ALIGN (0x4)
                [!provide]                PROVIDE (__fini_array_start, .)
 *(SORT_BY_NAME(.fini_array.*))
 *(.fini_array*)
 .fini_array    0x08004194        0x4 c:/users/ning mei/.platformio/packages/toolchain-gccarmnoneeabi/bin/../lib/gcc/arm-none-eabi/7.2.1/thumb/v7-m/crtbegin.o
                [!provide]                PROVIDE (__fini_array_end, .)
                0x08004198                . = ALIGN (0x4)
                0x08004198                _sidata = LOADADDR (.data)

.data           0x20000000      0x1dc load address 0x08004198
                0x20000000                . = ALIGN (0x4)
                0x20000000                _sdata = .
 *(.data)
 *(.data*)
 .data.uwTickFreq
                0x20000000        0x1 .pio\build\genericSTM32F103C8\FrameworkHALDriver\Src\stm32f1xx_hal.o
                0x20000000                uwTickFreq
 *fill*         0x20000001        0x3 
 .data.uwTickPrio
                0x20000004        0x4 .pio\build\genericSTM32F103C8\FrameworkHALDriver\Src\stm32f1xx_hal.o
                0x20000004                uwTickPrio
 .data.SystemCoreClock
                0x20000008        0x4 .pio\build\genericSTM32F103C8\src\system_stm32f1xx.o
                0x20000008                SystemCoreClock
 .data._impure_ptr
                0x2000000c        0x4 c:/users/ning mei/.platformio/packages/toolchain-gccarmnoneeabi/bin/../lib/gcc/arm-none-eabi/7.2.1/../../../../arm-none-eabi/lib/thumb/v7-m\libc_nano.a(lib_a-impure.o)
                0x2000000c                _impure_ptr
 .data.impure_data
                0x20000010       0x60 c:/users/ning mei/.platformio/packages/toolchain-gccarmnoneeabi/bin/../lib/gcc/arm-none-eabi/7.2.1/../../../../arm-none-eabi/lib/thumb/v7-m\libc_nano.a(lib_a-impure.o)
 .data.__global_locale
                0x20000070      0x16c c:/users/ning mei/.platformio/packages/toolchain-gccarmnoneeabi/bin/../lib/gcc/arm-none-eabi/7.2.1/../../../../arm-none-eabi/lib/thumb/v7-m\libc_nano.a(lib_a-locale.o)
                0x20000070                __global_locale
 *(.RamFunc)
 *(.RamFunc*)
                0x200001dc                . = ALIGN (0x4)
                0x200001dc                _edata = .

.igot.plt       0x200001dc        0x0 load address 0x08004374
 .igot.plt      0x200001dc        0x0 c:/users/ning mei/.platformio/packages/toolchain-gccarmnoneeabi/bin/../lib/gcc/arm-none-eabi/7.2.1/thumb/v7-m/crtbegin.o
                0x200001dc                . = ALIGN (0x4)

.bss            0x200001dc       0xdc load address 0x08004374
                0x200001dc                _sbss = .
                0x200001dc                __bss_start__ = _sbss
 *(.bss)
 .bss           0x200001dc       0x1c c:/users/ning mei/.platformio/packages/toolchain-gccarmnoneeabi/bin/../lib/gcc/arm-none-eabi/7.2.1/thumb/v7-m/crtbegin.o
 *(.bss*)
 .bss.__malloc_free_list
                0x200001f8        0x4 c:/users/ning mei/.platformio/packages/toolchain-gccarmnoneeabi/bin/../lib/gcc/arm-none-eabi/7.2.1/../../../../arm-none-eabi/lib/thumb/v7-m\libc_nano.a(lib_a-nano-mallocr.o)
                0x200001f8                __malloc_free_list
 .bss.__malloc_sbrk_start
                0x200001fc        0x4 c:/users/ning mei/.platformio/packages/toolchain-gccarmnoneeabi/bin/../lib/gcc/arm-none-eabi/7.2.1/../../../../arm-none-eabi/lib/thumb/v7-m\libc_nano.a(lib_a-nano-mallocr.o)
                0x200001fc                __malloc_sbrk_start
 .bss.heap_end.4102
                0x20000200        0x4 c:/users/ning mei/.platformio/packages/toolchain-gccarmnoneeabi/bin/../lib/gcc/arm-none-eabi/7.2.1/../../../../arm-none-eabi/lib/thumb/v7-m\libnosys.a(sbrk.o)
 *(COMMON)
 COMMON         0x20000204        0x4 .pio\build\genericSTM32F103C8\FrameworkHALDriver\Src\stm32f1xx_hal.o
                0x20000204                uwTick
 COMMON         0x20000208       0xac .pio\build\genericSTM32F103C8\src\usart.o
                0x20000208                huart1
                0x2000024c                __stdout
 COMMON         0x200002b4        0x4 c:/users/ning mei/.platformio/packages/toolchain-gccarmnoneeabi/bin/../lib/gcc/arm-none-eabi/7.2.1/../../../../arm-none-eabi/lib/thumb/v7-m\libc_nano.a(lib_a-reent.o)
                0x200002b4                errno
                0x200002b8                . = ALIGN (0x4)
                0x200002b8                _ebss = .
                0x200002b8                __bss_end__ = _ebss

._user_heap_stack
                0x200002b8      0x600 load address 0x08004374
                0x200002b8                . = ALIGN (0x8)
                0x200002b8                PROVIDE (end, .)
                [!provide]                PROVIDE (_end, .)
                0x200004b8                . = (. + _Min_Heap_Size)
 *fill*         0x200002b8      0x200 
                0x200008b8                . = (. + _Min_Stack_Size)
 *fill*         0x200004b8      0x400 
                0x200008b8                . = ALIGN (0x8)

/DISCARD/
 libc.a(*)
 libm.a(*)
 libgcc.a(*)

.ARM.attributes
                0x00000000       0x29
 *(.ARM.attributes)
 .ARM.attributes
                0x00000000       0x1d c:/users/ning mei/.platformio/packages/toolchain-gccarmnoneeabi/bin/../lib/gcc/arm-none-eabi/7.2.1/thumb/v7-m/crti.o
 .ARM.attributes
                0x0000001d       0x2d c:/users/ning mei/.platformio/packages/toolchain-gccarmnoneeabi/bin/../lib/gcc/arm-none-eabi/7.2.1/thumb/v7-m/crtbegin.o
 .ARM.attributes
                0x0000004a       0x33 .pio\build\genericSTM32F103C8\FrameworkHALDriver\Src\stm32f1xx_hal.o
 .ARM.attributes
                0x0000007d       0x33 .pio\build\genericSTM32F103C8\FrameworkHALDriver\Src\stm32f1xx_hal_cortex.o
 .ARM.attributes
                0x000000b0       0x33 .pio\build\genericSTM32F103C8\FrameworkHALDriver\Src\stm32f1xx_hal_dma.o
 .ARM.attributes
                0x000000e3       0x33 .pio\build\genericSTM32F103C8\FrameworkHALDriver\Src\stm32f1xx_hal_gpio.o
 .ARM.attributes
                0x00000116       0x33 .pio\build\genericSTM32F103C8\FrameworkHALDriver\Src\stm32f1xx_hal_pwr.o
 .ARM.attributes
                0x00000149       0x33 .pio\build\genericSTM32F103C8\FrameworkHALDriver\Src\stm32f1xx_hal_rcc.o
 .ARM.attributes
                0x0000017c       0x33 .pio\build\genericSTM32F103C8\FrameworkHALDriver\Src\stm32f1xx_hal_uart.o
 .ARM.attributes
                0x000001af       0x33 .pio\build\genericSTM32F103C8\src\gpio.o
 .ARM.attributes
                0x000001e2       0x33 .pio\build\genericSTM32F103C8\src\main.o
 .ARM.attributes
                0x00000215       0x33 .pio\build\genericSTM32F103C8\src\stm32f1xx_hal_msp.o
 .ARM.attributes
                0x00000248       0x33 .pio\build\genericSTM32F103C8\src\stm32f1xx_it.o
 .ARM.attributes
                0x0000027b       0x33 .pio\build\genericSTM32F103C8\src\system_stm32f1xx.o
 .ARM.attributes
                0x000002ae       0x33 .pio\build\genericSTM32F103C8\src\usart.o
 .ARM.attributes
                0x000002e1       0x2d c:/users/ning mei/.platformio/packages/toolchain-gccarmnoneeabi/bin/../lib/gcc/arm-none-eabi/7.2.1/../../../../arm-none-eabi/lib/thumb/v7-m\libc_nano.a(lib_a-impure.o)
 .ARM.attributes
                0x0000030e       0x2d c:/users/ning mei/.platformio/packages/toolchain-gccarmnoneeabi/bin/../lib/gcc/arm-none-eabi/7.2.1/../../../../arm-none-eabi/lib/thumb/v7-m\libc_nano.a(lib_a-init.o)
 .ARM.attributes
                0x0000033b       0x2d c:/users/ning mei/.platformio/packages/toolchain-gccarmnoneeabi/bin/../lib/gcc/arm-none-eabi/7.2.1/../../../../arm-none-eabi/lib/thumb/v7-m\libc_nano.a(lib_a-memset.o)
 .ARM.attributes
                0x00000368       0x2d c:/users/ning mei/.platformio/packages/toolchain-gccarmnoneeabi/bin/../lib/gcc/arm-none-eabi/7.2.1/../../../../arm-none-eabi/lib/thumb/v7-m\libc_nano.a(lib_a-nano-vfprintf_float.o)
 .ARM.attributes
                0x00000395       0x2d c:/users/ning mei/.platformio/packages/toolchain-gccarmnoneeabi/bin/../lib/gcc/arm-none-eabi/7.2.1/../../../../arm-none-eabi/lib/thumb/v7-m\libc_nano.a(lib_a-nano-vfprintf_i.o)
 .ARM.attributes
                0x000003c2       0x2d c:/users/ning mei/.platformio/packages/toolchain-gccarmnoneeabi/bin/../lib/gcc/arm-none-eabi/7.2.1/../../../../arm-none-eabi/lib/thumb/v7-m\libc_nano.a(lib_a-puts.o)
 .ARM.attributes
                0x000003ef       0x17 c:/users/ning mei/.platformio/packages/toolchain-gccarmnoneeabi/bin/../lib/gcc/arm-none-eabi/7.2.1/../../../../arm-none-eabi/lib/thumb/v7-m\libc_nano.a(lib_a-strlen.o)
 .ARM.attributes
                0x00000406       0x2d c:/users/ning mei/.platformio/packages/toolchain-gccarmnoneeabi/bin/../lib/gcc/arm-none-eabi/7.2.1/../../../../arm-none-eabi/lib/thumb/v7-m\libc_nano.a(lib_a-wbuf.o)
 .ARM.attributes
                0x00000433       0x2d c:/users/ning mei/.platformio/packages/toolchain-gccarmnoneeabi/bin/../lib/gcc/arm-none-eabi/7.2.1/../../../../arm-none-eabi/lib/thumb/v7-m\libc_nano.a(lib_a-wsetup.o)
 .ARM.attributes
                0x00000460       0x2d c:/users/ning mei/.platformio/packages/toolchain-gccarmnoneeabi/bin/../lib/gcc/arm-none-eabi/7.2.1/../../../../arm-none-eabi/lib/thumb/v7-m\libc_nano.a(lib_a-dtoa.o)
 .ARM.attributes
                0x0000048d       0x2d c:/users/ning mei/.platformio/packages/toolchain-gccarmnoneeabi/bin/../lib/gcc/arm-none-eabi/7.2.1/../../../../arm-none-eabi/lib/thumb/v7-m\libc_nano.a(lib_a-fflush.o)
 .ARM.attributes
                0x000004ba       0x2d c:/users/ning mei/.platformio/packages/toolchain-gccarmnoneeabi/bin/../lib/gcc/arm-none-eabi/7.2.1/../../../../arm-none-eabi/lib/thumb/v7-m\libc_nano.a(lib_a-findfp.o)
 .ARM.attributes
                0x000004e7       0x2d c:/users/ning mei/.platformio/packages/toolchain-gccarmnoneeabi/bin/../lib/gcc/arm-none-eabi/7.2.1/../../../../arm-none-eabi/lib/thumb/v7-m\libc_nano.a(lib_a-fwalk.o)
 .ARM.attributes
                0x00000514       0x2d c:/users/ning mei/.platformio/packages/toolchain-gccarmnoneeabi/bin/../lib/gcc/arm-none-eabi/7.2.1/../../../../arm-none-eabi/lib/thumb/v7-m\libc_nano.a(lib_a-localeconv.o)
 .ARM.attributes
                0x00000541       0x2d c:/users/ning mei/.platformio/packages/toolchain-gccarmnoneeabi/bin/../lib/gcc/arm-none-eabi/7.2.1/../../../../arm-none-eabi/lib/thumb/v7-m\libc_nano.a(lib_a-makebuf.o)
 .ARM.attributes
                0x0000056e       0x2d c:/users/ning mei/.platformio/packages/toolchain-gccarmnoneeabi/bin/../lib/gcc/arm-none-eabi/7.2.1/../../../../arm-none-eabi/lib/thumb/v7-m\libc_nano.a(lib_a-malloc.o)
 .ARM.attributes
                0x0000059b       0x2d c:/users/ning mei/.platformio/packages/toolchain-gccarmnoneeabi/bin/../lib/gcc/arm-none-eabi/7.2.1/../../../../arm-none-eabi/lib/thumb/v7-m\libc_nano.a(lib_a-memcpy-stub.o)
 .ARM.attributes
                0x000005c8       0x2d c:/users/ning mei/.platformio/packages/toolchain-gccarmnoneeabi/bin/../lib/gcc/arm-none-eabi/7.2.1/../../../../arm-none-eabi/lib/thumb/v7-m\libc_nano.a(lib_a-mprec.o)
 .ARM.attributes
                0x000005f5       0x2d c:/users/ning mei/.platformio/packages/toolchain-gccarmnoneeabi/bin/../lib/gcc/arm-none-eabi/7.2.1/../../../../arm-none-eabi/lib/thumb/v7-m\libc_nano.a(lib_a-nano-callocr.o)
 .ARM.attributes
                0x00000622       0x2d c:/users/ning mei/.platformio/packages/toolchain-gccarmnoneeabi/bin/../lib/gcc/arm-none-eabi/7.2.1/../../../../arm-none-eabi/lib/thumb/v7-m\libc_nano.a(lib_a-nano-freer.o)
 .ARM.attributes
                0x0000064f       0x2d c:/users/ning mei/.platformio/packages/toolchain-gccarmnoneeabi/bin/../lib/gcc/arm-none-eabi/7.2.1/../../../../arm-none-eabi/lib/thumb/v7-m\libc_nano.a(lib_a-nano-mallocr.o)
 .ARM.attributes
                0x0000067c       0x2d c:/users/ning mei/.platformio/packages/toolchain-gccarmnoneeabi/bin/../lib/gcc/arm-none-eabi/7.2.1/../../../../arm-none-eabi/lib/thumb/v7-m\libc_nano.a(lib_a-sbrkr.o)
 .ARM.attributes
                0x000006a9       0x2d c:/users/ning mei/.platformio/packages/toolchain-gccarmnoneeabi/bin/../lib/gcc/arm-none-eabi/7.2.1/../../../../arm-none-eabi/lib/thumb/v7-m\libc_nano.a(lib_a-stdio.o)
 .ARM.attributes
                0x000006d6       0x2d c:/users/ning mei/.platformio/packages/toolchain-gccarmnoneeabi/bin/../lib/gcc/arm-none-eabi/7.2.1/../../../../arm-none-eabi/lib/thumb/v7-m\libc_nano.a(lib_a-writer.o)
 .ARM.attributes
                0x00000703       0x2d c:/users/ning mei/.platformio/packages/toolchain-gccarmnoneeabi/bin/../lib/gcc/arm-none-eabi/7.2.1/../../../../arm-none-eabi/lib/thumb/v7-m\libc_nano.a(lib_a-closer.o)
 .ARM.attributes
                0x00000730       0x2d c:/users/ning mei/.platformio/packages/toolchain-gccarmnoneeabi/bin/../lib/gcc/arm-none-eabi/7.2.1/../../../../arm-none-eabi/lib/thumb/v7-m\libc_nano.a(lib_a-fstatr.o)
 .ARM.attributes
                0x0000075d       0x2d c:/users/ning mei/.platformio/packages/toolchain-gccarmnoneeabi/bin/../lib/gcc/arm-none-eabi/7.2.1/../../../../arm-none-eabi/lib/thumb/v7-m\libc_nano.a(lib_a-isattyr.o)
 .ARM.attributes
                0x0000078a       0x2d c:/users/ning mei/.platformio/packages/toolchain-gccarmnoneeabi/bin/../lib/gcc/arm-none-eabi/7.2.1/../../../../arm-none-eabi/lib/thumb/v7-m\libc_nano.a(lib_a-locale.o)
 .ARM.attributes
                0x000007b7       0x2d c:/users/ning mei/.platformio/packages/toolchain-gccarmnoneeabi/bin/../lib/gcc/arm-none-eabi/7.2.1/../../../../arm-none-eabi/lib/thumb/v7-m\libc_nano.a(lib_a-lseekr.o)
 .ARM.attributes
                0x000007e4       0x2d c:/users/ning mei/.platformio/packages/toolchain-gccarmnoneeabi/bin/../lib/gcc/arm-none-eabi/7.2.1/../../../../arm-none-eabi/lib/thumb/v7-m\libc_nano.a(lib_a-mbtowc_r.o)
 .ARM.attributes
                0x00000811       0x2d c:/users/ning mei/.platformio/packages/toolchain-gccarmnoneeabi/bin/../lib/gcc/arm-none-eabi/7.2.1/../../../../arm-none-eabi/lib/thumb/v7-m\libc_nano.a(lib_a-mlock.o)
 .ARM.attributes
                0x0000083e       0x2d c:/users/ning mei/.platformio/packages/toolchain-gccarmnoneeabi/bin/../lib/gcc/arm-none-eabi/7.2.1/../../../../arm-none-eabi/lib/thumb/v7-m\libc_nano.a(lib_a-readr.o)
 .ARM.attributes
                0x0000086b       0x2d c:/users/ning mei/.platformio/packages/toolchain-gccarmnoneeabi/bin/../lib/gcc/arm-none-eabi/7.2.1/../../../../arm-none-eabi/lib/thumb/v7-m\libc_nano.a(lib_a-reent.o)
 .ARM.attributes
                0x00000898       0x2d c:/users/ning mei/.platformio/packages/toolchain-gccarmnoneeabi/bin/../lib/gcc/arm-none-eabi/7.2.1/../../../../arm-none-eabi/lib/thumb/v7-m\libc_nano.a(lib_a-wctomb_r.o)
 .ARM.attributes
                0x000008c5       0x2d c:/users/ning mei/.platformio/packages/toolchain-gccarmnoneeabi/bin/../lib/gcc/arm-none-eabi/7.2.1/../../../../arm-none-eabi/lib/thumb/v7-m\libc_nano.a(lib_a-ctype_.o)
 .ARM.attributes
                0x000008f2       0x1d c:/users/ning mei/.platformio/packages/toolchain-gccarmnoneeabi/bin/../lib/gcc/arm-none-eabi/7.2.1/thumb/v7-m\libgcc.a(_arm_addsubdf3.o)
 .ARM.attributes
                0x0000090f       0x1d c:/users/ning mei/.platformio/packages/toolchain-gccarmnoneeabi/bin/../lib/gcc/arm-none-eabi/7.2.1/thumb/v7-m\libgcc.a(_arm_muldivdf3.o)
 .ARM.attributes
                0x0000092c       0x1d c:/users/ning mei/.platformio/packages/toolchain-gccarmnoneeabi/bin/../lib/gcc/arm-none-eabi/7.2.1/thumb/v7-m\libgcc.a(_arm_cmpdf2.o)
 .ARM.attributes
                0x00000949       0x1d c:/users/ning mei/.platformio/packages/toolchain-gccarmnoneeabi/bin/../lib/gcc/arm-none-eabi/7.2.1/thumb/v7-m\libgcc.a(_arm_unorddf2.o)
 .ARM.attributes
                0x00000966       0x1d c:/users/ning mei/.platformio/packages/toolchain-gccarmnoneeabi/bin/../lib/gcc/arm-none-eabi/7.2.1/thumb/v7-m\libgcc.a(_arm_fixdfsi.o)
 .ARM.attributes
                0x00000983       0x2d c:/users/ning mei/.platformio/packages/toolchain-gccarmnoneeabi/bin/../lib/gcc/arm-none-eabi/7.2.1/../../../../arm-none-eabi/lib/thumb/v7-m\libnosys.a(close.o)
 .ARM.attributes
                0x000009b0       0x2d c:/users/ning mei/.platformio/packages/toolchain-gccarmnoneeabi/bin/../lib/gcc/arm-none-eabi/7.2.1/../../../../arm-none-eabi/lib/thumb/v7-m\libnosys.a(fstat.o)
 .ARM.attributes
                0x000009dd       0x2d c:/users/ning mei/.platformio/packages/toolchain-gccarmnoneeabi/bin/../lib/gcc/arm-none-eabi/7.2.1/../../../../arm-none-eabi/lib/thumb/v7-m\libnosys.a(isatty.o)
 .ARM.attributes
                0x00000a0a       0x2d c:/users/ning mei/.platformio/packages/toolchain-gccarmnoneeabi/bin/../lib/gcc/arm-none-eabi/7.2.1/../../../../arm-none-eabi/lib/thumb/v7-m\libnosys.a(lseek.o)
 .ARM.attributes
                0x00000a37       0x2d c:/users/ning mei/.platformio/packages/toolchain-gccarmnoneeabi/bin/../lib/gcc/arm-none-eabi/7.2.1/../../../../arm-none-eabi/lib/thumb/v7-m\libnosys.a(read.o)
 .ARM.attributes
                0x00000a64       0x2d c:/users/ning mei/.platformio/packages/toolchain-gccarmnoneeabi/bin/../lib/gcc/arm-none-eabi/7.2.1/../../../../arm-none-eabi/lib/thumb/v7-m\libnosys.a(sbrk.o)
 .ARM.attributes
                0x00000a91       0x2d c:/users/ning mei/.platformio/packages/toolchain-gccarmnoneeabi/bin/../lib/gcc/arm-none-eabi/7.2.1/../../../../arm-none-eabi/lib/thumb/v7-m\libnosys.a(write.o)
 .ARM.attributes
                0x00000abe       0x21 .pio\build\genericSTM32F103C8\libFrameworkCMSISDevice.a(startup_stm32f103xb.o)
 .ARM.attributes
                0x00000adf       0x1d c:/users/ning mei/.platformio/packages/toolchain-gccarmnoneeabi/bin/../lib/gcc/arm-none-eabi/7.2.1/thumb/v7-m/crtn.o
OUTPUT(.pio\build\genericSTM32F103C8\firmware.elf elf32-littlearm)

.comment        0x00000000       0x7e
 .comment       0x00000000       0x7e .pio\build\genericSTM32F103C8\FrameworkHALDriver\Src\stm32f1xx_hal.o
                                 0x7f (size before relaxing)
 .comment       0x0000007e       0x7f .pio\build\genericSTM32F103C8\FrameworkHALDriver\Src\stm32f1xx_hal_cortex.o
 .comment       0x0000007e       0x7f .pio\build\genericSTM32F103C8\FrameworkHALDriver\Src\stm32f1xx_hal_dma.o
 .comment       0x0000007e       0x7f .pio\build\genericSTM32F103C8\FrameworkHALDriver\Src\stm32f1xx_hal_gpio.o
 .comment       0x0000007e       0x7f .pio\build\genericSTM32F103C8\FrameworkHALDriver\Src\stm32f1xx_hal_pwr.o
 .comment       0x0000007e       0x7f .pio\build\genericSTM32F103C8\FrameworkHALDriver\Src\stm32f1xx_hal_rcc.o
 .comment       0x0000007e       0x7f .pio\build\genericSTM32F103C8\FrameworkHALDriver\Src\stm32f1xx_hal_uart.o
 .comment       0x0000007e       0x7f .pio\build\genericSTM32F103C8\src\gpio.o
 .comment       0x0000007e       0x7f .pio\build\genericSTM32F103C8\src\main.o
 .comment       0x0000007e       0x7f .pio\build\genericSTM32F103C8\src\stm32f1xx_hal_msp.o
 .comment       0x0000007e       0x7f .pio\build\genericSTM32F103C8\src\stm32f1xx_it.o
 .comment       0x0000007e       0x7f .pio\build\genericSTM32F103C8\src\system_stm32f1xx.o
 .comment       0x0000007e       0x7f .pio\build\genericSTM32F103C8\src\usart.o

.debug_frame    0x00000000      0xe08
 .debug_frame   0x00000000       0x2c c:/users/ning mei/.platformio/packages/toolchain-gccarmnoneeabi/bin/../lib/gcc/arm-none-eabi/7.2.1/../../../../arm-none-eabi/lib/thumb/v7-m\libc_nano.a(lib_a-init.o)
 .debug_frame   0x0000002c       0x20 c:/users/ning mei/.platformio/packages/toolchain-gccarmnoneeabi/bin/../lib/gcc/arm-none-eabi/7.2.1/../../../../arm-none-eabi/lib/thumb/v7-m\libc_nano.a(lib_a-memset.o)
 .debug_frame   0x0000004c       0x90 c:/users/ning mei/.platformio/packages/toolchain-gccarmnoneeabi/bin/../lib/gcc/arm-none-eabi/7.2.1/../../../../arm-none-eabi/lib/thumb/v7-m\libc_nano.a(lib_a-nano-vfprintf_float.o)
 .debug_frame   0x000000dc       0x60 c:/users/ning mei/.platformio/packages/toolchain-gccarmnoneeabi/bin/../lib/gcc/arm-none-eabi/7.2.1/../../../../arm-none-eabi/lib/thumb/v7-m\libc_nano.a(lib_a-nano-vfprintf_i.o)
 .debug_frame   0x0000013c       0x3c c:/users/ning mei/.platformio/packages/toolchain-gccarmnoneeabi/bin/../lib/gcc/arm-none-eabi/7.2.1/../../../../arm-none-eabi/lib/thumb/v7-m\libc_nano.a(lib_a-puts.o)
 .debug_frame   0x00000178       0x40 c:/users/ning mei/.platformio/packages/toolchain-gccarmnoneeabi/bin/../lib/gcc/arm-none-eabi/7.2.1/../../../../arm-none-eabi/lib/thumb/v7-m\libc_nano.a(lib_a-wbuf.o)
 .debug_frame   0x000001b8       0x2c c:/users/ning mei/.platformio/packages/toolchain-gccarmnoneeabi/bin/../lib/gcc/arm-none-eabi/7.2.1/../../../../arm-none-eabi/lib/thumb/v7-m\libc_nano.a(lib_a-wsetup.o)
 .debug_frame   0x000001e4       0x6c c:/users/ning mei/.platformio/packages/toolchain-gccarmnoneeabi/bin/../lib/gcc/arm-none-eabi/7.2.1/../../../../arm-none-eabi/lib/thumb/v7-m\libc_nano.a(lib_a-dtoa.o)
 .debug_frame   0x00000250       0x68 c:/users/ning mei/.platformio/packages/toolchain-gccarmnoneeabi/bin/../lib/gcc/arm-none-eabi/7.2.1/../../../../arm-none-eabi/lib/thumb/v7-m\libc_nano.a(lib_a-fflush.o)
 .debug_frame   0x000002b8      0x11c c:/users/ning mei/.platformio/packages/toolchain-gccarmnoneeabi/bin/../lib/gcc/arm-none-eabi/7.2.1/../../../../arm-none-eabi/lib/thumb/v7-m\libc_nano.a(lib_a-findfp.o)
 .debug_frame   0x000003d4       0x54 c:/users/ning mei/.platformio/packages/toolchain-gccarmnoneeabi/bin/../lib/gcc/arm-none-eabi/7.2.1/../../../../arm-none-eabi/lib/thumb/v7-m\libc_nano.a(lib_a-fwalk.o)
 .debug_frame   0x00000428       0x40 c:/users/ning mei/.platformio/packages/toolchain-gccarmnoneeabi/bin/../lib/gcc/arm-none-eabi/7.2.1/../../../../arm-none-eabi/lib/thumb/v7-m\libc_nano.a(lib_a-localeconv.o)
 .debug_frame   0x00000468       0x58 c:/users/ning mei/.platformio/packages/toolchain-gccarmnoneeabi/bin/../lib/gcc/arm-none-eabi/7.2.1/../../../../arm-none-eabi/lib/thumb/v7-m\libc_nano.a(lib_a-makebuf.o)
 .debug_frame   0x000004c0       0x30 c:/users/ning mei/.platformio/packages/toolchain-gccarmnoneeabi/bin/../lib/gcc/arm-none-eabi/7.2.1/../../../../arm-none-eabi/lib/thumb/v7-m\libc_nano.a(lib_a-malloc.o)
 .debug_frame   0x000004f0       0x28 c:/users/ning mei/.platformio/packages/toolchain-gccarmnoneeabi/bin/../lib/gcc/arm-none-eabi/7.2.1/../../../../arm-none-eabi/lib/thumb/v7-m\libc_nano.a(lib_a-memcpy-stub.o)
 .debug_frame   0x00000518      0x248 c:/users/ning mei/.platformio/packages/toolchain-gccarmnoneeabi/bin/../lib/gcc/arm-none-eabi/7.2.1/../../../../arm-none-eabi/lib/thumb/v7-m\libc_nano.a(lib_a-mprec.o)
 .debug_frame   0x00000760       0x2c c:/users/ning mei/.platformio/packages/toolchain-gccarmnoneeabi/bin/../lib/gcc/arm-none-eabi/7.2.1/../../../../arm-none-eabi/lib/thumb/v7-m\libc_nano.a(lib_a-nano-callocr.o)
 .debug_frame   0x0000078c       0x38 c:/users/ning mei/.platformio/packages/toolchain-gccarmnoneeabi/bin/../lib/gcc/arm-none-eabi/7.2.1/../../../../arm-none-eabi/lib/thumb/v7-m\libc_nano.a(lib_a-nano-freer.o)
 .debug_frame   0x000007c4       0x2c c:/users/ning mei/.platformio/packages/toolchain-gccarmnoneeabi/bin/../lib/gcc/arm-none-eabi/7.2.1/../../../../arm-none-eabi/lib/thumb/v7-m\libc_nano.a(lib_a-nano-mallocr.o)
 .debug_frame   0x000007f0       0x2c c:/users/ning mei/.platformio/packages/toolchain-gccarmnoneeabi/bin/../lib/gcc/arm-none-eabi/7.2.1/../../../../arm-none-eabi/lib/thumb/v7-m\libc_nano.a(lib_a-sbrkr.o)
 .debug_frame   0x0000081c       0x88 c:/users/ning mei/.platformio/packages/toolchain-gccarmnoneeabi/bin/../lib/gcc/arm-none-eabi/7.2.1/../../../../arm-none-eabi/lib/thumb/v7-m\libc_nano.a(lib_a-stdio.o)
 .debug_frame   0x000008a4       0x2c c:/users/ning mei/.platformio/packages/toolchain-gccarmnoneeabi/bin/../lib/gcc/arm-none-eabi/7.2.1/../../../../arm-none-eabi/lib/thumb/v7-m\libc_nano.a(lib_a-writer.o)
 .debug_frame   0x000008d0       0x2c c:/users/ning mei/.platformio/packages/toolchain-gccarmnoneeabi/bin/../lib/gcc/arm-none-eabi/7.2.1/../../../../arm-none-eabi/lib/thumb/v7-m\libc_nano.a(lib_a-closer.o)
 .debug_frame   0x000008fc       0x2c c:/users/ning mei/.platformio/packages/toolchain-gccarmnoneeabi/bin/../lib/gcc/arm-none-eabi/7.2.1/../../../../arm-none-eabi/lib/thumb/v7-m\libc_nano.a(lib_a-fstatr.o)
 .debug_frame   0x00000928       0x2c c:/users/ning mei/.platformio/packages/toolchain-gccarmnoneeabi/bin/../lib/gcc/arm-none-eabi/7.2.1/../../../../arm-none-eabi/lib/thumb/v7-m\libc_nano.a(lib_a-isattyr.o)
 .debug_frame   0x00000954       0x68 c:/users/ning mei/.platformio/packages/toolchain-gccarmnoneeabi/bin/../lib/gcc/arm-none-eabi/7.2.1/../../../../arm-none-eabi/lib/thumb/v7-m\libc_nano.a(lib_a-locale.o)
 .debug_frame   0x000009bc       0x2c c:/users/ning mei/.platformio/packages/toolchain-gccarmnoneeabi/bin/../lib/gcc/arm-none-eabi/7.2.1/../../../../arm-none-eabi/lib/thumb/v7-m\libc_nano.a(lib_a-lseekr.o)
 .debug_frame   0x000009e8       0x48 c:/users/ning mei/.platformio/packages/toolchain-gccarmnoneeabi/bin/../lib/gcc/arm-none-eabi/7.2.1/../../../../arm-none-eabi/lib/thumb/v7-m\libc_nano.a(lib_a-mbtowc_r.o)
 .debug_frame   0x00000a30       0x30 c:/users/ning mei/.platformio/packages/toolchain-gccarmnoneeabi/bin/../lib/gcc/arm-none-eabi/7.2.1/../../../../arm-none-eabi/lib/thumb/v7-m\libc_nano.a(lib_a-mlock.o)
 .debug_frame   0x00000a60       0x2c c:/users/ning mei/.platformio/packages/toolchain-gccarmnoneeabi/bin/../lib/gcc/arm-none-eabi/7.2.1/../../../../arm-none-eabi/lib/thumb/v7-m\libc_nano.a(lib_a-readr.o)
 .debug_frame   0x00000a8c       0x5c c:/users/ning mei/.platformio/packages/toolchain-gccarmnoneeabi/bin/../lib/gcc/arm-none-eabi/7.2.1/../../../../arm-none-eabi/lib/thumb/v7-m\libc_nano.a(lib_a-reent.o)
 .debug_frame   0x00000ae8       0x3c c:/users/ning mei/.platformio/packages/toolchain-gccarmnoneeabi/bin/../lib/gcc/arm-none-eabi/7.2.1/../../../../arm-none-eabi/lib/thumb/v7-m\libc_nano.a(lib_a-wctomb_r.o)
 .debug_frame   0x00000b24       0xac c:/users/ning mei/.platformio/packages/toolchain-gccarmnoneeabi/bin/../lib/gcc/arm-none-eabi/7.2.1/thumb/v7-m\libgcc.a(_arm_addsubdf3.o)
 .debug_frame   0x00000bd0       0x50 c:/users/ning mei/.platformio/packages/toolchain-gccarmnoneeabi/bin/../lib/gcc/arm-none-eabi/7.2.1/thumb/v7-m\libgcc.a(_arm_muldivdf3.o)
 .debug_frame   0x00000c20       0xc4 c:/users/ning mei/.platformio/packages/toolchain-gccarmnoneeabi/bin/../lib/gcc/arm-none-eabi/7.2.1/thumb/v7-m\libgcc.a(_arm_cmpdf2.o)
 .debug_frame   0x00000ce4       0x20 c:/users/ning mei/.platformio/packages/toolchain-gccarmnoneeabi/bin/../lib/gcc/arm-none-eabi/7.2.1/thumb/v7-m\libgcc.a(_arm_unorddf2.o)
 .debug_frame   0x00000d04       0x24 c:/users/ning mei/.platformio/packages/toolchain-gccarmnoneeabi/bin/../lib/gcc/arm-none-eabi/7.2.1/thumb/v7-m\libgcc.a(_arm_fixdfsi.o)
 .debug_frame   0x00000d28       0x20 c:/users/ning mei/.platformio/packages/toolchain-gccarmnoneeabi/bin/../lib/gcc/arm-none-eabi/7.2.1/../../../../arm-none-eabi/lib/thumb/v7-m\libnosys.a(close.o)
 .debug_frame   0x00000d48       0x20 c:/users/ning mei/.platformio/packages/toolchain-gccarmnoneeabi/bin/../lib/gcc/arm-none-eabi/7.2.1/../../../../arm-none-eabi/lib/thumb/v7-m\libnosys.a(fstat.o)
 .debug_frame   0x00000d68       0x20 c:/users/ning mei/.platformio/packages/toolchain-gccarmnoneeabi/bin/../lib/gcc/arm-none-eabi/7.2.1/../../../../arm-none-eabi/lib/thumb/v7-m\libnosys.a(isatty.o)
 .debug_frame   0x00000d88       0x20 c:/users/ning mei/.platformio/packages/toolchain-gccarmnoneeabi/bin/../lib/gcc/arm-none-eabi/7.2.1/../../../../arm-none-eabi/lib/thumb/v7-m\libnosys.a(lseek.o)
 .debug_frame   0x00000da8       0x20 c:/users/ning mei/.platformio/packages/toolchain-gccarmnoneeabi/bin/../lib/gcc/arm-none-eabi/7.2.1/../../../../arm-none-eabi/lib/thumb/v7-m\libnosys.a(read.o)
 .debug_frame   0x00000dc8       0x20 c:/users/ning mei/.platformio/packages/toolchain-gccarmnoneeabi/bin/../lib/gcc/arm-none-eabi/7.2.1/../../../../arm-none-eabi/lib/thumb/v7-m\libnosys.a(sbrk.o)
 .debug_frame   0x00000de8       0x20 c:/users/ning mei/.platformio/packages/toolchain-gccarmnoneeabi/bin/../lib/gcc/arm-none-eabi/7.2.1/../../../../arm-none-eabi/lib/thumb/v7-m\libnosys.a(write.o)

.stab           0x00000000       0x9c
 .stab          0x00000000       0x24 c:/users/ning mei/.platformio/packages/toolchain-gccarmnoneeabi/bin/../lib/gcc/arm-none-eabi/7.2.1/../../../../arm-none-eabi/lib/thumb/v7-m\libnosys.a(close.o)
 .stab          0x00000024       0x18 c:/users/ning mei/.platformio/packages/toolchain-gccarmnoneeabi/bin/../lib/gcc/arm-none-eabi/7.2.1/../../../../arm-none-eabi/lib/thumb/v7-m\libnosys.a(fstat.o)
                                 0x24 (size before relaxing)
 .stab          0x0000003c       0x18 c:/users/ning mei/.platformio/packages/toolchain-gccarmnoneeabi/bin/../lib/gcc/arm-none-eabi/7.2.1/../../../../arm-none-eabi/lib/thumb/v7-m\libnosys.a(isatty.o)
                                 0x24 (size before relaxing)
 .stab          0x00000054       0x18 c:/users/ning mei/.platformio/packages/toolchain-gccarmnoneeabi/bin/../lib/gcc/arm-none-eabi/7.2.1/../../../../arm-none-eabi/lib/thumb/v7-m\libnosys.a(lseek.o)
                                 0x24 (size before relaxing)
 .stab          0x0000006c       0x18 c:/users/ning mei/.platformio/packages/toolchain-gccarmnoneeabi/bin/../lib/gcc/arm-none-eabi/7.2.1/../../../../arm-none-eabi/lib/thumb/v7-m\libnosys.a(read.o)
                                 0x24 (size before relaxing)
 .stab          0x00000084       0x18 c:/users/ning mei/.platformio/packages/toolchain-gccarmnoneeabi/bin/../lib/gcc/arm-none-eabi/7.2.1/../../../../arm-none-eabi/lib/thumb/v7-m\libnosys.a(write.o)
                                 0x24 (size before relaxing)

.stabstr        0x00000000      0x14d
 .stabstr       0x00000000      0x14d c:/users/ning mei/.platformio/packages/toolchain-gccarmnoneeabi/bin/../lib/gcc/arm-none-eabi/7.2.1/../../../../arm-none-eabi/lib/thumb/v7-m\libnosys.a(close.o)
